Archive member included to satisfy reference by file (symbol)

c:/program files (x86)/atollic/truestudio for stm32 9.3.0/armtools/bin/../lib/gcc/arm-atollic-eabi/6.3.1/../../../../arm-atollic-eabi/lib/armv7-m\libc_nano.a(lib_a-errno.o)
                              Src\syscalls.o (__errno)
c:/program files (x86)/atollic/truestudio for stm32 9.3.0/armtools/bin/../lib/gcc/arm-atollic-eabi/6.3.1/../../../../arm-atollic-eabi/lib/armv7-m\libc_nano.a(lib_a-impure.o)
                              c:/program files (x86)/atollic/truestudio for stm32 9.3.0/armtools/bin/../lib/gcc/arm-atollic-eabi/6.3.1/../../../../arm-atollic-eabi/lib/armv7-m\libc_nano.a(lib_a-errno.o) (_impure_ptr)
c:/program files (x86)/atollic/truestudio for stm32 9.3.0/armtools/bin/../lib/gcc/arm-atollic-eabi/6.3.1/../../../../arm-atollic-eabi/lib/armv7-m\libc_nano.a(lib_a-init.o)
                              startup\startup_stm32f103xb.o (__libc_init_array)
c:/program files (x86)/atollic/truestudio for stm32 9.3.0/armtools/bin/../lib/gcc/arm-atollic-eabi/6.3.1/../../../../arm-atollic-eabi/lib/armv7-m\libc_nano.a(lib_a-memset.o)
                              Drivers\STM32F1xx_HAL_Driver\Src\stm32f1xx_hal_rcc.o (memset)
c:/program files (x86)/atollic/truestudio for stm32 9.3.0/armtools/bin/../lib/gcc/arm-atollic-eabi/6.3.1/armv7-m\libgcc.a(_lshrdi3.o)
                              Drivers\STM32F1xx_HAL_Driver\Src\stm32f1xx_hal_flash.o (__aeabi_llsr)
c:/program files (x86)/atollic/truestudio for stm32 9.3.0/armtools/bin/../lib/gcc/arm-atollic-eabi/6.3.1/armv7-m\libgcc.a(_arm_addsubdf3.o)
                              Src\main.o (__aeabi_f2d)
c:/program files (x86)/atollic/truestudio for stm32 9.3.0/armtools/bin/../lib/gcc/arm-atollic-eabi/6.3.1/armv7-m\libgcc.a(_arm_muldivdf3.o)
                              Src\main.o (__aeabi_dmul)
c:/program files (x86)/atollic/truestudio for stm32 9.3.0/armtools/bin/../lib/gcc/arm-atollic-eabi/6.3.1/armv7-m\libgcc.a(_arm_cmpdf2.o)
                              Src\main.o (__aeabi_dcmplt)
c:/program files (x86)/atollic/truestudio for stm32 9.3.0/armtools/bin/../lib/gcc/arm-atollic-eabi/6.3.1/armv7-m\libgcc.a(_arm_addsubsf3.o)
                              Src\main.o (__aeabi_ui2f)
c:/program files (x86)/atollic/truestudio for stm32 9.3.0/armtools/bin/../lib/gcc/arm-atollic-eabi/6.3.1/armv7-m\libgcc.a(_arm_muldivsf3.o)
                              Src\main.o (__aeabi_fmul)
c:/program files (x86)/atollic/truestudio for stm32 9.3.0/armtools/bin/../lib/gcc/arm-atollic-eabi/6.3.1/armv7-m\libgcc.a(_arm_cmpsf2.o)
                              Src\main.o (__aeabi_fcmpeq)
c:/program files (x86)/atollic/truestudio for stm32 9.3.0/armtools/bin/../lib/gcc/arm-atollic-eabi/6.3.1/armv7-m\libgcc.a(_arm_fixunssfsi.o)
                              Src\main.o (__aeabi_f2uiz)

Allocating common symbols
Common symbol       size              file

sFilterConfig       0x28              Src\main.o
side_change         0x1               Src\main.o
side                0x1               Src\main.o
f                   0x1               Src\main.o
hcan                0x28              Src\main.o
k                   0x4               Src\main.o
uwTick              0x4               Drivers\STM32F1xx_HAL_Driver\Src\stm32f1xx_hal.o
pFlash              0x20              Drivers\STM32F1xx_HAL_Driver\Src\stm32f1xx_hal_flash.o
input_capture       0x4               Src\main.o
htim3               0x40              Src\main.o
rotate_speed        0x4               Src\main.o
EncVal              0x4               Src\main.o
data                0x2               Src\main.o
rotate_speed_can    0x1               Src\main.o
control_data        0x2               Src\main.o
count               0x4               Src\main.o
TxMailbox           0x4               Src\main.o
count1              0x4               Src\main.o
pwm                 0x4               Src\main.o
htim2               0x40              Src\main.o
pRxHeader           0x1c              Src\main.o
hcan1               0x28              Src\main.o
a                   0x1               Src\main.o
pHeader             0x18              Src\main.o
rotate_time         0x4               Src\main.o

Discarded input sections

 .text          0x00000000        0x0 c:/program files (x86)/atollic/truestudio for stm32 9.3.0/armtools/bin/../lib/gcc/arm-atollic-eabi/6.3.1/armv7-m/crti.o
 .data          0x00000000        0x0 c:/program files (x86)/atollic/truestudio for stm32 9.3.0/armtools/bin/../lib/gcc/arm-atollic-eabi/6.3.1/armv7-m/crti.o
 .bss           0x00000000        0x0 c:/program files (x86)/atollic/truestudio for stm32 9.3.0/armtools/bin/../lib/gcc/arm-atollic-eabi/6.3.1/armv7-m/crti.o
 .data          0x00000000        0x4 c:/program files (x86)/atollic/truestudio for stm32 9.3.0/armtools/bin/../lib/gcc/arm-atollic-eabi/6.3.1/armv7-m/crtbegin.o
 .text          0x00000000        0x0 Drivers\STM32F1xx_HAL_Driver\Src\stm32f1xx_hal.o
[...]
Memory Configuration

Name             Origin             Length             Attributes
RAM              0x20000000         0x00005000         xrw
FLASH            0x08000000         0x00010000         xr
*default*        0x00000000         0xffffffff

Linker script and memory map

LOAD c:/program files (x86)/atollic/truestudio for stm32 9.3.0/armtools/bin/../lib/gcc/arm-atollic-eabi/6.3.1/armv7-m/crti.o
LOAD c:/program files (x86)/atollic/truestudio for stm32 9.3.0/armtools/bin/../lib/gcc/arm-atollic-eabi/6.3.1/armv7-m/crtbegin.o
LOAD Drivers\STM32F1xx_HAL_Driver\Src\stm32f1xx_hal.o
LOAD Drivers\STM32F1xx_HAL_Driver\Src\stm32f1xx_hal_can.o
LOAD Drivers\STM32F1xx_HAL_Driver\Src\stm32f1xx_hal_cortex.o
LOAD Drivers\STM32F1xx_HAL_Driver\Src\stm32f1xx_hal_dma.o
LOAD Drivers\STM32F1xx_HAL_Driver\Src\stm32f1xx_hal_flash.o
LOAD Drivers\STM32F1xx_HAL_Driver\Src\stm32f1xx_hal_flash_ex.o
LOAD Drivers\STM32F1xx_HAL_Driver\Src\stm32f1xx_hal_gpio.o
LOAD Drivers\STM32F1xx_HAL_Driver\Src\stm32f1xx_hal_gpio_ex.o
LOAD Drivers\STM32F1xx_HAL_Driver\Src\stm32f1xx_hal_pwr.o
LOAD Drivers\STM32F1xx_HAL_Driver\Src\stm32f1xx_hal_rcc.o
LOAD Drivers\STM32F1xx_HAL_Driver\Src\stm32f1xx_hal_rcc_ex.o
LOAD Drivers\STM32F1xx_HAL_Driver\Src\stm32f1xx_hal_tim.o
LOAD Drivers\STM32F1xx_HAL_Driver\Src\stm32f1xx_hal_tim_ex.o
LOAD Src\main.o
LOAD Src\stm32f1xx_hal_msp.o
LOAD Src\stm32f1xx_it.o
LOAD Src\syscalls.o
LOAD Src\system_stm32f1xx.o
LOAD startup\startup_stm32f103xb.o
                0x00000080                malloc_getpagesize_P = 0x80
START GROUP
LOAD c:/program files (x86)/atollic/truestudio for stm32 9.3.0/armtools/bin/../lib/gcc/arm-atollic-eabi/6.3.1/../../../../arm-atollic-eabi/lib/armv7-m\libc_nano.a
LOAD c:/program files (x86)/atollic/truestudio for stm32 9.3.0/armtools/bin/../lib/gcc/arm-atollic-eabi/6.3.1/../../../../arm-atollic-eabi/lib/armv7-m\libm.a
END GROUP
START GROUP
LOAD c:/program files (x86)/atollic/truestudio for stm32 9.3.0/armtools/bin/../lib/gcc/arm-atollic-eabi/6.3.1/armv7-m\libgcc.a
LOAD c:/program files (x86)/atollic/truestudio for stm32 9.3.0/armtools/bin/../lib/gcc/arm-atollic-eabi/6.3.1/../../../../arm-atollic-eabi/lib/armv7-m\libc_nano.a
END GROUP
START GROUP
LOAD c:/program files (x86)/atollic/truestudio for stm32 9.3.0/armtools/bin/../lib/gcc/arm-atollic-eabi/6.3.1/armv7-m\libgcc.a
LOAD c:/program files (x86)/atollic/truestudio for stm32 9.3.0/armtools/bin/../lib/gcc/arm-atollic-eabi/6.3.1/../../../../arm-atollic-eabi/lib/armv7-m\libc_nano.a
LOAD c:/program files (x86)/atollic/truestudio for stm32 9.3.0/armtools/bin/../lib/gcc/arm-atollic-eabi/6.3.1/../../../../arm-atollic-eabi/lib/armv7-m\libnosys.a
END GROUP
START GROUP
LOAD c:/program files (x86)/atollic/truestudio for stm32 9.3.0/armtools/bin/../lib/gcc/arm-atollic-eabi/6.3.1/armv7-m\libgcc.a
LOAD c:/program files (x86)/atollic/truestudio for stm32 9.3.0/armtools/bin/../lib/gcc/arm-atollic-eabi/6.3.1/../../../../arm-atollic-eabi/lib/armv7-m\libc_nano.a
LOAD c:/program files (x86)/atollic/truestudio for stm32 9.3.0/armtools/bin/../lib/gcc/arm-atollic-eabi/6.3.1/../../../../arm-atollic-eabi/lib/armv7-m\libnosys.a
END GROUP
LOAD c:/program files (x86)/atollic/truestudio for stm32 9.3.0/armtools/bin/../lib/gcc/arm-atollic-eabi/6.3.1/armv7-m/crtend.o
LOAD c:/program files (x86)/atollic/truestudio for stm32 9.3.0/armtools/bin/../lib/gcc/arm-atollic-eabi/6.3.1/armv7-m/crtn.o
                0x20005000                _estack = 0x20005000
                0x00000200                _Min_Heap_Size = 0x200
                0x00000400                _Min_Stack_Size = 0x400

.isr_vector     0x08000000      0x10c
                0x08000000                . = ALIGN (0x4)
 *(.isr_vector)
 .isr_vector    0x08000000      0x10c startup\startup_stm32f103xb.o
                0x08000000                g_pfnVectors
                0x0800010c                . = ALIGN (0x4)

.text           0x08000110     0x2d44
                0x08000110                . = ALIGN (0x4)
 *(.text)
 .text          0x08000110       0x40 c:/program files (x86)/atollic/truestudio for stm32 9.3.0/armtools/bin/../lib/gcc/arm-atollic-eabi/6.3.1/armv7-m/crtbegin.o
 .text          0x08000150      0x370 c:/program files (x86)/atollic/truestudio for stm32 9.3.0/armtools/bin/../lib/gcc/arm-atollic-eabi/6.3.1/armv7-m\libgcc.a(_arm_addsubdf3.o)
                0x08000150                __aeabi_drsub
                0x08000158                __aeabi_dsub
                0x08000158                __subdf3
                0x0800015c                __aeabi_dadd
                0x0800015c                __adddf3
                0x080003d4                __floatunsidf
                0x080003d4                __aeabi_ui2d
                0x080003f4                __floatsidf
                0x080003f4                __aeabi_i2d
                0x08000418                __aeabi_f2d
                0x08000418                __extendsfdf2
                0x08000454                __floatundidf
                0x08000454                __aeabi_ul2d
                0x08000464                __floatdidf
                0x08000464                __aeabi_l2d
 .text          0x080004c0      0x424 c:/program files (x86)/atollic/truestudio for stm32 9.3.0/armtools/bin/../lib/gcc/arm-atollic-eabi/6.3.1/armv7-m\libgcc.a(_arm_muldivdf3.o)
                0x080004c0                __aeabi_dmul
                0x080004c0                __muldf3
                0x08000714                __divdf3
                0x08000714                __aeabi_ddiv
 .text          0x080008e4      0x110 c:/program files (x86)/atollic/truestudio for stm32 9.3.0/armtools/bin/../lib/gcc/arm-atollic-eabi/6.3.1/armv7-m\libgcc.a(_arm_cmpdf2.o)
                0x080008e4                __gtdf2
                0x080008e4                __gedf2
                0x080008ec                __ltdf2
                0x080008ec                __ledf2
                0x080008f4                __nedf2
                0x080008f4                __eqdf2
                0x080008f4                __cmpdf2
                0x08000970                __aeabi_cdrcmple
                0x08000980                __aeabi_cdcmpeq
                0x08000980                __aeabi_cdcmple
                0x08000990                __aeabi_dcmpeq
                0x080009a4                __aeabi_dcmplt
                0x080009b8                __aeabi_dcmple
                0x080009cc                __aeabi_dcmpge
                0x080009e0                __aeabi_dcmpgt
 .text          0x080009f4      0x21c c:/program files (x86)/atollic/truestudio for stm32 9.3.0/armtools/bin/../lib/gcc/arm-atollic-eabi/6.3.1/armv7-m\libgcc.a(_arm_addsubsf3.o)
                0x080009f4                __aeabi_frsub
                0x080009fc                __subsf3
                0x080009fc                __aeabi_fsub
                0x08000a00                __aeabi_fadd
                0x08000a00                __addsf3
                0x08000b60                __aeabi_ui2f
                0x08000b60                __floatunsisf
                0x08000b68                __aeabi_i2f
                0x08000b68                __floatsisf
                0x08000b84                __aeabi_ul2f
                0x08000b84                __floatundisf
                0x08000b94                __aeabi_l2f
                0x08000b94                __floatdisf
 .text          0x08000c10      0x2a0 c:/program files (x86)/atollic/truestudio for stm32 9.3.0/armtools/bin/../lib/gcc/arm-atollic-eabi/6.3.1/armv7-m\libgcc.a(_arm_muldivsf3.o)
                0x08000c10                __mulsf3
                0x08000c10                __aeabi_fmul
                0x08000d78                __aeabi_fdiv
                0x08000d78                __divsf3
 .text          0x08000eb0       0xec c:/program files (x86)/atollic/truestudio for stm32 9.3.0/armtools/bin/../lib/gcc/arm-atollic-eabi/6.3.1/armv7-m\libgcc.a(_arm_cmpsf2.o)
                0x08000eb0                __gesf2
                0x08000eb0                __gtsf2
                0x08000eb8                __lesf2
                0x08000eb8                __ltsf2
                0x08000ec0                __nesf2
                0x08000ec0                __eqsf2
                0x08000ec0                __cmpsf2
                0x08000f20                __aeabi_cfrcmple
                0x08000f28                __aeabi_cfcmpeq
                0x08000f28                __aeabi_cfcmple
                0x08000f38                __aeabi_fcmpeq
                0x08000f4c                __aeabi_fcmplt
                0x08000f60                __aeabi_fcmple
                0x08000f74                __aeabi_fcmpge
                0x08000f88                __aeabi_fcmpgt
 .text          0x08000f9c       0x40 c:/program files (x86)/atollic/truestudio for stm32 9.3.0/armtools/bin/../lib/gcc/arm-atollic-eabi/6.3.1/armv7-m\libgcc.a(_arm_fixunssfsi.o)
                0x08000f9c                __fixunssfsi
                0x08000f9c                __aeabi_f2uiz
 *(.text*)
 .text.HAL_InitTick
                0x08000fdc       0x48 Drivers\STM32F1xx_HAL_Driver\Src\stm32f1xx_hal.o
                0x08000fdc                HAL_InitTick
 .text.HAL_Init
                0x08001024       0x24 Drivers\STM32F1xx_HAL_Driver\Src\stm32f1xx_hal.o
                0x08001024                HAL_Init
 .text.HAL_IncTick
                0x08001048       0x18 Drivers\STM32F1xx_HAL_Driver\Src\stm32f1xx_hal.o
                0x08001048                HAL_IncTick
 .text.HAL_GetTick
                0x08001060        0xc Drivers\STM32F1xx_HAL_Driver\Src\stm32f1xx_hal.o
                0x08001060                HAL_GetTick
 .text.HAL_Delay
                0x0800106c       0x24 Drivers\STM32F1xx_HAL_Driver\Src\stm32f1xx_hal.o
                0x0800106c                HAL_Delay
 .text.HAL_CAN_Init
                0x08001090       0xf6 Drivers\STM32F1xx_HAL_Driver\Src\stm32f1xx_hal_can.o
                0x08001090                HAL_CAN_Init
 .text.HAL_CAN_ConfigFilter
                0x08001186       0xd8 Drivers\STM32F1xx_HAL_Driver\Src\stm32f1xx_hal_can.o
                0x08001186                HAL_CAN_ConfigFilter
 .text.HAL_CAN_Start
                0x0800125e       0x56 Drivers\STM32F1xx_HAL_Driver\Src\stm32f1xx_hal_can.o
                0x0800125e                HAL_CAN_Start
 .text.HAL_CAN_GetRxMessage
                0x080012b4       0xec Drivers\STM32F1xx_HAL_Driver\Src\stm32f1xx_hal_can.o
                0x080012b4                HAL_CAN_GetRxMessage
 .text.HAL_CAN_ActivateNotification
                0x080013a0       0x22 Drivers\STM32F1xx_HAL_Driver\Src\stm32f1xx_hal_can.o
                0x080013a0                HAL_CAN_ActivateNotification
 .text.HAL_CAN_TxMailbox0CompleteCallback
                0x080013c2        0x2 Drivers\STM32F1xx_HAL_Driver\Src\stm32f1xx_hal_can.o
                0x080013c2                HAL_CAN_TxMailbox0CompleteCallback
 .text.HAL_CAN_TxMailbox1CompleteCallback
                0x080013c4        0x2 Drivers\STM32F1xx_HAL_Driver\Src\stm32f1xx_hal_can.o
                0x080013c4                HAL_CAN_TxMailbox1CompleteCallback
 .text.HAL_CAN_TxMailbox2CompleteCallback
                0x080013c6        0x2 Drivers\STM32F1xx_HAL_Driver\Src\stm32f1xx_hal_can.o
                0x080013c6                HAL_CAN_TxMailbox2CompleteCallback
 .text.HAL_CAN_TxMailbox0AbortCallback
                0x080013c8        0x2 Drivers\STM32F1xx_HAL_Driver\Src\stm32f1xx_hal_can.o
                0x080013c8                HAL_CAN_TxMailbox0AbortCallback
 .text.HAL_CAN_TxMailbox1AbortCallback
                0x080013ca        0x2 Drivers\STM32F1xx_HAL_Driver\Src\stm32f1xx_hal_can.o
                0x080013ca                HAL_CAN_TxMailbox1AbortCallback
 .text.HAL_CAN_TxMailbox2AbortCallback
                0x080013cc        0x2 Drivers\STM32F1xx_HAL_Driver\Src\stm32f1xx_hal_can.o
                0x080013cc                HAL_CAN_TxMailbox2AbortCallback
 .text.HAL_CAN_RxFifo0MsgPendingCallback
                0x080013ce        0x2 Drivers\STM32F1xx_HAL_Driver\Src\stm32f1xx_hal_can.o
                0x080013ce                HAL_CAN_RxFifo0MsgPendingCallback
 .text.HAL_CAN_RxFifo0FullCallback
                0x080013d0        0x2 Drivers\STM32F1xx_HAL_Driver\Src\stm32f1xx_hal_can.o
                0x080013d0                HAL_CAN_RxFifo0FullCallback
 .text.HAL_CAN_RxFifo1MsgPendingCallback
                0x080013d2        0x2 Drivers\STM32F1xx_HAL_Driver\Src\stm32f1xx_hal_can.o
                0x080013d2                HAL_CAN_RxFifo1MsgPendingCallback
 .text.HAL_CAN_RxFifo1FullCallback
                0x080013d4        0x2 Drivers\STM32F1xx_HAL_Driver\Src\stm32f1xx_hal_can.o
                0x080013d4                HAL_CAN_RxFifo1FullCallback
 .text.HAL_CAN_SleepCallback
                0x080013d6        0x2 Drivers\STM32F1xx_HAL_Driver\Src\stm32f1xx_hal_can.o
                0x080013d6                HAL_CAN_SleepCallback
 .text.HAL_CAN_WakeUpFromRxMsgCallback
                0x080013d8        0x2 Drivers\STM32F1xx_HAL_Driver\Src\stm32f1xx_hal_can.o
                0x080013d8                HAL_CAN_WakeUpFromRxMsgCallback
 .text.HAL_CAN_ErrorCallback
                0x080013da        0x2 Drivers\STM32F1xx_HAL_Driver\Src\stm32f1xx_hal_can.o
                0x080013da                HAL_CAN_ErrorCallback
 .text.HAL_CAN_IRQHandler
                0x080013dc      0x1fc Drivers\STM32F1xx_HAL_Driver\Src\stm32f1xx_hal_can.o
                0x080013dc                HAL_CAN_IRQHandler
 .text.HAL_NVIC_SetPriorityGrouping
                0x080015d8       0x24 Drivers\STM32F1xx_HAL_Driver\Src\stm32f1xx_hal_cortex.o
                0x080015d8                HAL_NVIC_SetPriorityGrouping
 .text.HAL_NVIC_SetPriority
                0x080015fc       0x68 Drivers\STM32F1xx_HAL_Driver\Src\stm32f1xx_hal_cortex.o
                0x080015fc                HAL_NVIC_SetPriority
 .text.HAL_NVIC_EnableIRQ
                0x08001664       0x18 Drivers\STM32F1xx_HAL_Driver\Src\stm32f1xx_hal_cortex.o
                0x08001664                HAL_NVIC_EnableIRQ
 .text.HAL_SYSTICK_Config
                0x0800167c       0x2c Drivers\STM32F1xx_HAL_Driver\Src\stm32f1xx_hal_cortex.o
                0x0800167c                HAL_SYSTICK_Config
 .text.HAL_GPIO_Init
                0x080016a8      0x1c0 Drivers\STM32F1xx_HAL_Driver\Src\stm32f1xx_hal_gpio.o
                0x080016a8                HAL_GPIO_Init
 .text.HAL_GPIO_WritePin
                0x08001868        0xa Drivers\STM32F1xx_HAL_Driver\Src\stm32f1xx_hal_gpio.o
                0x08001868                HAL_GPIO_WritePin
 *fill*         0x08001872        0x2 
 .text.HAL_RCC_OscConfig
                0x08001874      0x318 Drivers\STM32F1xx_HAL_Driver\Src\stm32f1xx_hal_rcc.o
                0x08001874                HAL_RCC_OscConfig
 .text.HAL_RCC_GetSysClockFreq
                0x08001b8c       0x84 Drivers\STM32F1xx_HAL_Driver\Src\stm32f1xx_hal_rcc.o
                0x08001b8c                HAL_RCC_GetSysClockFreq
 .text.HAL_RCC_ClockConfig
                0x08001c10      0x164 Drivers\STM32F1xx_HAL_Driver\Src\stm32f1xx_hal_rcc.o
                0x08001c10                HAL_RCC_ClockConfig
 .text.TIM_OC1_SetConfig
                0x08001d74       0x50 Drivers\STM32F1xx_HAL_Driver\Src\stm32f1xx_hal_tim.o
 .text.TIM_OC3_SetConfig
                0x08001dc4       0x54 Drivers\STM32F1xx_HAL_Driver\Src\stm32f1xx_hal_tim.o
 .text.TIM_OC4_SetConfig
                0x08001e18       0x44 Drivers\STM32F1xx_HAL_Driver\Src\stm32f1xx_hal_tim.o
 .text.HAL_TIM_PWM_MspInit
                0x08001e5c        0x2 Drivers\STM32F1xx_HAL_Driver\Src\stm32f1xx_hal_tim.o
                0x08001e5c                HAL_TIM_PWM_MspInit
 .text.HAL_TIM_IC_MspInit
                0x08001e5e        0x2 Drivers\STM32F1xx_HAL_Driver\Src\stm32f1xx_hal_tim.o
                0x08001e5e                HAL_TIM_IC_MspInit
 .text.HAL_TIM_ConfigClockSource
                0x08001e60      0x172 Drivers\STM32F1xx_HAL_Driver\Src\stm32f1xx_hal_tim.o
                0x08001e60                HAL_TIM_ConfigClockSource
 .text.HAL_TIM_ReadCapturedValue
                0x08001fd2       0x46 Drivers\STM32F1xx_HAL_Driver\Src\stm32f1xx_hal_tim.o
                0x08001fd2                HAL_TIM_ReadCapturedValue
 .text.HAL_TIM_PeriodElapsedCallback
                0x08002018        0x2 Drivers\STM32F1xx_HAL_Driver\Src\stm32f1xx_hal_tim.o
                0x08002018                HAL_TIM_PeriodElapsedCallback
 .text.HAL_TIM_OC_DelayElapsedCallback
                0x0800201a        0x2 Drivers\STM32F1xx_HAL_Driver\Src\stm32f1xx_hal_tim.o
                0x0800201a                HAL_TIM_OC_DelayElapsedCallback
 .text.HAL_TIM_PWM_PulseFinishedCallback
                0x0800201c        0x2 Drivers\STM32F1xx_HAL_Driver\Src\stm32f1xx_hal_tim.o
                0x0800201c                HAL_TIM_PWM_PulseFinishedCallback
 .text.HAL_TIM_TriggerCallback
                0x0800201e        0x2 Drivers\STM32F1xx_HAL_Driver\Src\stm32f1xx_hal_tim.o
                0x0800201e                HAL_TIM_TriggerCallback
 .text.HAL_TIM_IRQHandler
                0x08002020      0x144 Drivers\STM32F1xx_HAL_Driver\Src\stm32f1xx_hal_tim.o
                0x08002020                HAL_TIM_IRQHandler
 .text.TIM_Base_SetConfig
                0x08002164       0x70 Drivers\STM32F1xx_HAL_Driver\Src\stm32f1xx_hal_tim.o
                0x08002164                TIM_Base_SetConfig
 .text.HAL_TIM_Base_Init
                0x080021d4       0x34 Drivers\STM32F1xx_HAL_Driver\Src\stm32f1xx_hal_tim.o
                0x080021d4                HAL_TIM_Base_Init
 .text.HAL_TIM_PWM_Init
                0x08002208       0x34 Drivers\STM32F1xx_HAL_Driver\Src\stm32f1xx_hal_tim.o
                0x08002208                HAL_TIM_PWM_Init
 .text.HAL_TIM_IC_Init
                0x0800223c       0x34 Drivers\STM32F1xx_HAL_Driver\Src\stm32f1xx_hal_tim.o
                0x0800223c                HAL_TIM_IC_Init
 .text.TIM_OC2_SetConfig
                0x08002270       0x58 Drivers\STM32F1xx_HAL_Driver\Src\stm32f1xx_hal_tim.o
                0x08002270                TIM_OC2_SetConfig
 .text.HAL_TIM_PWM_ConfigChannel
                0x080022c8       0xc4 Drivers\STM32F1xx_HAL_Driver\Src\stm32f1xx_hal_tim.o
                0x080022c8                HAL_TIM_PWM_ConfigChannel
 .text.TIM_TI1_SetConfig
                0x0800238c       0x54 Drivers\STM32F1xx_HAL_Driver\Src\stm32f1xx_hal_tim.o
                0x0800238c                TIM_TI1_SetConfig
 .text.HAL_TIM_IC_ConfigChannel
                0x080023e0      0x110 Drivers\STM32F1xx_HAL_Driver\Src\stm32f1xx_hal_tim.o
                0x080023e0                HAL_TIM_IC_ConfigChannel
 .text.TIM_CCxChannelCmd
                0x080024f0       0x18 Drivers\STM32F1xx_HAL_Driver\Src\stm32f1xx_hal_tim.o
                0x080024f0                TIM_CCxChannelCmd
 .text.HAL_TIM_PWM_Start
                0x08002508       0x2c Drivers\STM32F1xx_HAL_Driver\Src\stm32f1xx_hal_tim.o
                0x08002508                HAL_TIM_PWM_Start
 .text.HAL_TIM_IC_Start_IT
                0x08002534       0x58 Drivers\STM32F1xx_HAL_Driver\Src\stm32f1xx_hal_tim.o
                0x08002534                HAL_TIM_IC_Start_IT
 .text.HAL_TIMEx_MasterConfigSynchronization
                0x0800258c       0x44 Drivers\STM32F1xx_HAL_Driver\Src\stm32f1xx_hal_tim_ex.o
                0x0800258c                HAL_TIMEx_MasterConfigSynchronization
 .text.HAL_TIMEx_CommutationCallback
                0x080025d0        0x2 Drivers\STM32F1xx_HAL_Driver\Src\stm32f1xx_hal_tim_ex.o
                0x080025d0                HAL_TIMEx_CommutationCallback
 .text.HAL_TIMEx_BreakCallback
                0x080025d2        0x2 Drivers\STM32F1xx_HAL_Driver\Src\stm32f1xx_hal_tim_ex.o
                0x080025d2                HAL_TIMEx_BreakCallback
 .text.HAL_TIM_IC_CaptureCallback
                0x080025d4       0x14 Src\main.o
                0x080025d4                HAL_TIM_IC_CaptureCallback
 .text.SystemClock_Config
                0x080025e8       0x5a Src\main.o
                0x080025e8                SystemClock_Config
 *fill*         0x08002642        0x6 
 .text.startup.main
                0x08002648      0x4ec Src\main.o
                0x08002648                main
 .text.HAL_MspInit
                0x08002b34       0x44 Src\stm32f1xx_hal_msp.o
                0x08002b34                HAL_MspInit
 .text.HAL_CAN_MspInit
                0x08002b78       0x80 Src\stm32f1xx_hal_msp.o
                0x08002b78                HAL_CAN_MspInit
 .text.HAL_TIM_Base_MspInit
                0x08002bf8       0x8c Src\stm32f1xx_hal_msp.o
                0x08002bf8                HAL_TIM_Base_MspInit
 .text.HAL_TIM_MspPostInit
                0x08002c84       0x48 Src\stm32f1xx_hal_msp.o
                0x08002c84                HAL_TIM_MspPostInit
 .text.NMI_Handler
                0x08002ccc        0x2 Src\stm32f1xx_it.o
                0x08002ccc                NMI_Handler
 .text.HardFault_Handler
                0x08002cce        0x2 Src\stm32f1xx_it.o
                0x08002cce                HardFault_Handler
 .text.MemManage_Handler
                0x08002cd0        0x2 Src\stm32f1xx_it.o
                0x08002cd0                MemManage_Handler
 .text.BusFault_Handler
                0x08002cd2        0x2 Src\stm32f1xx_it.o
                0x08002cd2                BusFault_Handler
 .text.UsageFault_Handler
                0x08002cd4        0x2 Src\stm32f1xx_it.o
                0x08002cd4                UsageFault_Handler
 .text.SVC_Handler
                0x08002cd6        0x2 Src\stm32f1xx_it.o
                0x08002cd6                SVC_Handler
 .text.DebugMon_Handler
                0x08002cd8        0x2 Src\stm32f1xx_it.o
                0x08002cd8                DebugMon_Handler
 .text.PendSV_Handler
                0x08002cda        0x2 Src\stm32f1xx_it.o
                0x08002cda                PendSV_Handler
 .text.SysTick_Handler
                0x08002cdc        0x4 Src\stm32f1xx_it.o
                0x08002cdc                SysTick_Handler
 .text.USB_LP_CAN1_RX0_IRQHandler
                0x08002ce0       0x60 Src\stm32f1xx_it.o
                0x08002ce0                USB_LP_CAN1_RX0_IRQHandler
 .text.TIM3_IRQHandler
                0x08002d40        0xc Src\stm32f1xx_it.o
                0x08002d40                TIM3_IRQHandler
 .text.SystemInit
                0x08002d4c       0x4c Src\system_stm32f1xx.o
                0x08002d4c                SystemInit
 .text.Reset_Handler
                0x08002d98       0x48 startup\startup_stm32f103xb.o
                0x08002d98                Reset_Handler
 .text.Default_Handler
                0x08002de0        0x2 startup\startup_stm32f103xb.o
                0x08002de0                RTC_Alarm_IRQHandler
                0x08002de0                EXTI2_IRQHandler
                0x08002de0                TIM1_CC_IRQHandler
                0x08002de0                PVD_IRQHandler
                0x08002de0                EXTI3_IRQHandler
                0x08002de0                EXTI0_IRQHandler
                0x08002de0                I2C2_EV_IRQHandler
                0x08002de0                ADC1_2_IRQHandler
                0x08002de0                SPI1_IRQHandler
                0x08002de0                TAMPER_IRQHandler
                0x08002de0                DMA1_Channel4_IRQHandler
                0x08002de0                USART3_IRQHandler
                0x08002de0                RTC_IRQHandler
                0x08002de0                DMA1_Channel7_IRQHandler
                0x08002de0                CAN1_RX1_IRQHandler
                0x08002de0                TIM4_IRQHandler
                0x08002de0                I2C1_EV_IRQHandler
                0x08002de0                DMA1_Channel6_IRQHandler
                0x08002de0                RCC_IRQHandler
                0x08002de0                TIM1_TRG_COM_IRQHandler
                0x08002de0                DMA1_Channel1_IRQHandler
                0x08002de0                Default_Handler
                0x08002de0                EXTI15_10_IRQHandler
                0x08002de0                EXTI9_5_IRQHandler
                0x08002de0                SPI2_IRQHandler
                0x08002de0                DMA1_Channel5_IRQHandler
                0x08002de0                EXTI4_IRQHandler
                0x08002de0                USB_HP_CAN1_TX_IRQHandler
                0x08002de0                DMA1_Channel3_IRQHandler
                0x08002de0                TIM1_UP_IRQHandler
                0x08002de0                WWDG_IRQHandler
                0x08002de0                TIM2_IRQHandler
                0x08002de0                TIM1_BRK_IRQHandler
                0x08002de0                EXTI1_IRQHandler
                0x08002de0                USART2_IRQHandler
                0x08002de0                I2C2_ER_IRQHandler
                0x08002de0                DMA1_Channel2_IRQHandler
                0x08002de0                CAN1_SCE_IRQHandler
                0x08002de0                FLASH_IRQHandler
                0x08002de0                USART1_IRQHandler
                0x08002de0                I2C1_ER_IRQHandler
                0x08002de0                USBWakeUp_IRQHandler
 *fill*         0x08002de2        0x2 
 .text.__libc_init_array
                0x08002de4       0x48 c:/program files (x86)/atollic/truestudio for stm32 9.3.0/armtools/bin/../lib/gcc/arm-atollic-eabi/6.3.1/../../../../arm-atollic-eabi/lib/armv7-m\libc_nano.a(lib_a-init.o)
                0x08002de4                __libc_init_array
 .text.memset   0x08002e2c       0x10 c:/program files (x86)/atollic/truestudio for stm32 9.3.0/armtools/bin/../lib/gcc/arm-atollic-eabi/6.3.1/../../../../arm-atollic-eabi/lib/armv7-m\libc_nano.a(lib_a-memset.o)
                0x08002e2c                memset
 *(.glue_7)
 .glue_7        0x08002e3c        0x0 linker stubs
 *(.glue_7t)
 .glue_7t       0x08002e3c        0x0 linker stubs
 *(.eh_frame)
 .eh_frame      0x08002e3c        0x0 c:/program files (x86)/atollic/truestudio for stm32 9.3.0/armtools/bin/../lib/gcc/arm-atollic-eabi/6.3.1/armv7-m/crtbegin.o
 *(.init)
 .init          0x08002e3c        0x4 c:/program files (x86)/atollic/truestudio for stm32 9.3.0/armtools/bin/../lib/gcc/arm-atollic-eabi/6.3.1/armv7-m/crti.o
                0x08002e3c                _init
 .init          0x08002e40        0x8 c:/program files (x86)/atollic/truestudio for stm32 9.3.0/armtools/bin/../lib/gcc/arm-atollic-eabi/6.3.1/armv7-m/crtn.o
 *(.fini)
 .fini          0x08002e48        0x4 c:/program files (x86)/atollic/truestudio for stm32 9.3.0/armtools/bin/../lib/gcc/arm-atollic-eabi/6.3.1/armv7-m/crti.o
                0x08002e48                _fini
 .fini          0x08002e4c        0x8 c:/program files (x86)/atollic/truestudio for stm32 9.3.0/armtools/bin/../lib/gcc/arm-atollic-eabi/6.3.1/armv7-m/crtn.o
                0x08002e54                . = ALIGN (0x4)
                0x08002e54                _etext = .

.vfp11_veneer   0x08002e54        0x0
 .vfp11_veneer  0x08002e54        0x0 linker stubs

.v4_bx          0x08002e54        0x0
 .v4_bx         0x08002e54        0x0 linker stubs

.iplt           0x08002e54        0x0
 .iplt          0x08002e54        0x0 c:/program files (x86)/atollic/truestudio for stm32 9.3.0/armtools/bin/../lib/gcc/arm-atollic-eabi/6.3.1/armv7-m/crtbegin.o

.rodata         0x08002e54       0x20
                0x08002e54                . = ALIGN (0x4)
 *(.rodata)
 .rodata        0x08002e54       0x10 Drivers\STM32F1xx_HAL_Driver\Src\stm32f1xx_hal_rcc.o
 *(.rodata*)
 .rodata.AHBPrescTable
                0x08002e64       0x10 Src\system_stm32f1xx.o
                0x08002e64                AHBPrescTable
                0x08002e74                . = ALIGN (0x4)

.rel.dyn        0x08002e74        0x0
 .rel.iplt      0x08002e74        0x0 c:/program files (x86)/atollic/truestudio for stm32 9.3.0/armtools/bin/../lib/gcc/arm-atollic-eabi/6.3.1/armv7-m/crtbegin.o

.ARM.extab
 *(.ARM.extab* .gnu.linkonce.armextab.*)

.ARM            0x08002e74        0x0
                0x08002e74                __exidx_start = .
 *(.ARM.exidx*)
                0x08002e74                __exidx_end = .

.preinit_array  0x08002e74        0x0
                0x08002e74                PROVIDE (__preinit_array_start, .)
 *(.preinit_array*)
                0x08002e74                PROVIDE (__preinit_array_end, .)

.init_array     0x08002e74        0x4
                0x08002e74                PROVIDE (__init_array_start, .)
 *(SORT(.init_array.*))
 *(.init_array*)
 .init_array    0x08002e74        0x4 c:/program files (x86)/atollic/truestudio for stm32 9.3.0/armtools/bin/../lib/gcc/arm-atollic-eabi/6.3.1/armv7-m/crtbegin.o
                0x08002e78                PROVIDE (__init_array_end, .)

.fini_array     0x08002e78        0x4
                [!provide]                PROVIDE (__fini_array_start, .)
 *(SORT(.fini_array.*))
 *(.fini_array*)
 .fini_array    0x08002e78        0x4 c:/program files (x86)/atollic/truestudio for stm32 9.3.0/armtools/bin/../lib/gcc/arm-atollic-eabi/6.3.1/armv7-m/crtbegin.o
                [!provide]                PROVIDE (__fini_array_end, .)
                0x08002e7c                _sidata = LOADADDR (.data)

.data           0x20000000        0xc load address 0x08002e7c
                0x20000000                . = ALIGN (0x4)
                0x20000000                _sdata = .
 *(.data)
 *(.data*)
 .data.uwTickFreq
                0x20000000        0x1 Drivers\STM32F1xx_HAL_Driver\Src\stm32f1xx_hal.o
                0x20000000                uwTickFreq
 *fill*         0x20000001        0x3 
 .data.uwTickPrio
                0x20000004        0x4 Drivers\STM32F1xx_HAL_Driver\Src\stm32f1xx_hal.o
                0x20000004                uwTickPrio
 .data.SystemCoreClock
                0x20000008        0x4 Src\system_stm32f1xx.o
                0x20000008                SystemCoreClock
                0x2000000c                . = ALIGN (0x4)
                0x2000000c                _edata = .

.igot.plt       0x2000000c        0x0 load address 0x08002e88
 .igot.plt      0x2000000c        0x0 c:/program files (x86)/atollic/truestudio for stm32 9.3.0/armtools/bin/../lib/gcc/arm-atollic-eabi/6.3.1/armv7-m/crtbegin.o
                0x2000000c                . = ALIGN (0x4)

.bss            0x2000000c      0x18c load address 0x08002e88
                0x2000000c                _sbss = .
                0x2000000c                __bss_start__ = _sbss
 *(.bss)
 .bss           0x2000000c       0x1c c:/program files (x86)/atollic/truestudio for stm32 9.3.0/armtools/bin/../lib/gcc/arm-atollic-eabi/6.3.1/armv7-m/crtbegin.o
 *(.bss*)
 .bss.t_speed   0x20000028        0x4 Src\main.o
                0x20000028                t_speed
 .bss.target_speed_l
                0x2000002c        0x4 Src\main.o
                0x2000002c                target_speed_l
 .bss.target_speed_r
                0x20000030        0x4 Src\main.o
                0x20000030                target_speed_r
 *(COMMON)
 COMMON         0x20000034        0x4 Drivers\STM32F1xx_HAL_Driver\Src\stm32f1xx_hal.o
                0x20000034                uwTick
 COMMON         0x20000038      0x160 Src\main.o
                0x20000038                sFilterConfig
                0x20000060                side_change
                0x20000061                side
                0x20000062                f
                0x20000064                hcan
                0x2000008c                k
                0x20000090                input_capture
                0x20000094                htim3
                0x200000d4                rotate_speed
                0x200000d8                EncVal
                0x200000dc                data
                0x200000de                rotate_speed_can
                0x200000df                control_data
                0x200000e4                count
                0x200000e8                TxMailbox
                0x200000ec                count1
                0x200000f0                pwm
                0x200000f4                htim2
                0x20000134                pRxHeader
                0x20000150                hcan1
                0x20000178                a
                0x2000017c                pHeader
                0x20000194                rotate_time
                0x20000198                . = ALIGN (0x4)
                0x20000198                _ebss = .
                0x20000198                __bss_end__ = _ebss

._user_heap_stack
                0x20000198      0x600 load address 0x08002e88
                0x20000198                . = ALIGN (0x4)
                0x20000198                PROVIDE (end, .)
                [!provide]                PROVIDE (_end, .)
                0x20000398                . = (. + _Min_Heap_Size)
 *fill*         0x20000198      0x200 
                0x20000798                . = (. + _Min_Stack_Size)
 *fill*         0x20000398      0x400 
                0x20000798                . = ALIGN (0x4)

/DISCARD/
 libc.a(*)
 libm.a(*)
 libgcc.a(*)

.ARM.attributes
                0x00000000       0x29
 *(.ARM.attributes)
 .ARM.attributes
                0x00000000       0x1d c:/program files (x86)/atollic/truestudio for stm32 9.3.0/armtools/bin/../lib/gcc/arm-atollic-eabi/6.3.1/armv7-m/crti.o
 .ARM.attributes
                0x0000001d       0x2d c:/program files (x86)/atollic/truestudio for stm32 9.3.0/armtools/bin/../lib/gcc/arm-atollic-eabi/6.3.1/armv7-m/crtbegin.o
 .ARM.attributes
                0x0000004a       0x33 Drivers\STM32F1xx_HAL_Driver\Src\stm32f1xx_hal.o
 .ARM.attributes
                0x0000007d       0x33 Drivers\STM32F1xx_HAL_Driver\Src\stm32f1xx_hal_can.o
 .ARM.attributes
                0x000000b0       0x33 Drivers\STM32F1xx_HAL_Driver\Src\stm32f1xx_hal_cortex.o
 .ARM.attributes
                0x000000e3       0x33 Drivers\STM32F1xx_HAL_Driver\Src\stm32f1xx_hal_gpio.o
 .ARM.attributes
                0x00000116       0x33 Drivers\STM32F1xx_HAL_Driver\Src\stm32f1xx_hal_rcc.o
 .ARM.attributes
                0x00000149       0x33 Drivers\STM32F1xx_HAL_Driver\Src\stm32f1xx_hal_tim.o
 .ARM.attributes
                0x0000017c       0x33 Drivers\STM32F1xx_HAL_Driver\Src\stm32f1xx_hal_tim_ex.o
 .ARM.attributes
                0x000001af       0x33 Src\main.o
 .ARM.attributes
                0x000001e2       0x33 Src\stm32f1xx_hal_msp.o
 .ARM.attributes
                0x00000215       0x33 Src\stm32f1xx_it.o
 .ARM.attributes
                0x00000248       0x33 Src\system_stm32f1xx.o
 .ARM.attributes
                0x0000027b       0x21 startup\startup_stm32f103xb.o
 .ARM.attributes
                0x0000029c       0x2d c:/program files (x86)/atollic/truestudio for stm32 9.3.0/armtools/bin/../lib/gcc/arm-atollic-eabi/6.3.1/../../../../arm-atollic-eabi/lib/armv7-m\libc_nano.a(lib_a-init.o)
 .ARM.attributes
                0x000002c9       0x2d c:/program files (x86)/atollic/truestudio for stm32 9.3.0/armtools/bin/../lib/gcc/arm-atollic-eabi/6.3.1/../../../../arm-atollic-eabi/lib/armv7-m\libc_nano.a(lib_a-memset.o)
 .ARM.attributes
                0x000002f6       0x1d c:/program files (x86)/atollic/truestudio for stm32 9.3.0/armtools/bin/../lib/gcc/arm-atollic-eabi/6.3.1/armv7-m\libgcc.a(_arm_addsubdf3.o)
 .ARM.attributes
                0x00000313       0x1d c:/program files (x86)/atollic/truestudio for stm32 9.3.0/armtools/bin/../lib/gcc/arm-atollic-eabi/6.3.1/armv7-m\libgcc.a(_arm_muldivdf3.o)
 .ARM.attributes
                0x00000330       0x1d c:/program files (x86)/atollic/truestudio for stm32 9.3.0/armtools/bin/../lib/gcc/arm-atollic-eabi/6.3.1/armv7-m\libgcc.a(_arm_cmpdf2.o)
 .ARM.attributes
                0x0000034d       0x1d c:/program files (x86)/atollic/truestudio for stm32 9.3.0/armtools/bin/../lib/gcc/arm-atollic-eabi/6.3.1/armv7-m\libgcc.a(_arm_addsubsf3.o)
 .ARM.attributes
                0x0000036a       0x1d c:/program files (x86)/atollic/truestudio for stm32 9.3.0/armtools/bin/../lib/gcc/arm-atollic-eabi/6.3.1/armv7-m\libgcc.a(_arm_muldivsf3.o)
 .ARM.attributes
                0x00000387       0x1d c:/program files (x86)/atollic/truestudio for stm32 9.3.0/armtools/bin/../lib/gcc/arm-atollic-eabi/6.3.1/armv7-m\libgcc.a(_arm_cmpsf2.o)
 .ARM.attributes
                0x000003a4       0x1d c:/program files (x86)/atollic/truestudio for stm32 9.3.0/armtools/bin/../lib/gcc/arm-atollic-eabi/6.3.1/armv7-m\libgcc.a(_arm_fixunssfsi.o)
 .ARM.attributes
                0x000003c1       0x1d c:/program files (x86)/atollic/truestudio for stm32 9.3.0/armtools/bin/../lib/gcc/arm-atollic-eabi/6.3.1/armv7-m/crtn.o
OUTPUT(SMART DRIVER INTERNAL CLOCK.elf elf32-littlearm)

.debug_info     0x00000000    0x10dea
 .debug_info    0x00000000      0xfc8 Drivers\STM32F1xx_HAL_Driver\Src\stm32f1xx_hal.o
 .debug_info    0x00000fc8     0x1901 Drivers\STM32F1xx_HAL_Driver\Src\stm32f1xx_hal_can.o
 .debug_info    0x000028c9     0x14a9 Drivers\STM32F1xx_HAL_Driver\Src\stm32f1xx_hal_cortex.o
 .debug_info    0x00003d72      0xec2 Drivers\STM32F1xx_HAL_Driver\Src\stm32f1xx_hal_gpio.o
 .debug_info    0x00004c34     0x123d Drivers\STM32F1xx_HAL_Driver\Src\stm32f1xx_hal_rcc.o
 .debug_info    0x00005e71     0x3bb9 Drivers\STM32F1xx_HAL_Driver\Src\stm32f1xx_hal_tim.o
 .debug_info    0x00009a2a     0x1989 Drivers\STM32F1xx_HAL_Driver\Src\stm32f1xx_hal_tim_ex.o
 .debug_info    0x0000b3b3     0x20fb Src\main.o
 .debug_info    0x0000d4ae     0x1845 Src\stm32f1xx_hal_msp.o
 .debug_info    0x0000ecf3     0x141b Src\stm32f1xx_it.o
 .debug_info    0x0001010e      0xc4d Src\system_stm32f1xx.o
 .debug_info    0x00010d5b       0x8f startup\startup_stm32f103xb.o

.debug_abbrev   0x00000000     0x215f
 .debug_abbrev  0x00000000      0x315 Drivers\STM32F1xx_HAL_Driver\Src\stm32f1xx_hal.o
 .debug_abbrev  0x00000315      0x36a Drivers\STM32F1xx_HAL_Driver\Src\stm32f1xx_hal_can.o
 .debug_abbrev  0x0000067f      0x399 Drivers\STM32F1xx_HAL_Driver\Src\stm32f1xx_hal_cortex.o
 .debug_abbrev  0x00000a18      0x268 Drivers\STM32F1xx_HAL_Driver\Src\stm32f1xx_hal_gpio.o
 .debug_abbrev  0x00000c80      0x367 Drivers\STM32F1xx_HAL_Driver\Src\stm32f1xx_hal_rcc.o
 .debug_abbrev  0x00000fe7      0x3bb Drivers\STM32F1xx_HAL_Driver\Src\stm32f1xx_hal_tim.o
 .debug_abbrev  0x000013a2      0x30d Drivers\STM32F1xx_HAL_Driver\Src\stm32f1xx_hal_tim_ex.o
 .debug_abbrev  0x000016af      0x3aa Src\main.o
 .debug_abbrev  0x00001a59      0x27c Src\stm32f1xx_hal_msp.o
 .debug_abbrev  0x00001cd5      0x28d Src\stm32f1xx_it.o
 .debug_abbrev  0x00001f62      0x1eb Src\system_stm32f1xx.o
 .debug_abbrev  0x0000214d       0x12 startup\startup_stm32f103xb.o

.debug_loc      0x00000000     0x526f
 .debug_loc     0x00000000      0x11b Drivers\STM32F1xx_HAL_Driver\Src\stm32f1xx_hal.o
 .debug_loc     0x0000011b      0xa88 Drivers\STM32F1xx_HAL_Driver\Src\stm32f1xx_hal_can.o
 .debug_loc     0x00000ba3      0x46b Drivers\STM32F1xx_HAL_Driver\Src\stm32f1xx_hal_cortex.o
 .debug_loc     0x0000100e      0x36a Drivers\STM32F1xx_HAL_Driver\Src\stm32f1xx_hal_gpio.o
 .debug_loc     0x00001378      0x4fd Drivers\STM32F1xx_HAL_Driver\Src\stm32f1xx_hal_rcc.o
 .debug_loc     0x00001875     0x300c Drivers\STM32F1xx_HAL_Driver\Src\stm32f1xx_hal_tim.o
 .debug_loc     0x00004881      0x822 Drivers\STM32F1xx_HAL_Driver\Src\stm32f1xx_hal_tim_ex.o
 .debug_loc     0x000050a3       0x26 Src\main.o
 .debug_loc     0x000050c9       0xce Src\stm32f1xx_hal_msp.o
 .debug_loc     0x00005197       0xd8 Src\system_stm32f1xx.o

.debug_aranges  0x00000000      0x760
 .debug_aranges
                0x00000000       0xc8 Drivers\STM32F1xx_HAL_Driver\Src\stm32f1xx_hal.o
 .debug_aranges
                0x000000c8       0xc8 Drivers\STM32F1xx_HAL_Driver\Src\stm32f1xx_hal_can.o
 .debug_aranges
                0x00000190       0x90 Drivers\STM32F1xx_HAL_Driver\Src\stm32f1xx_hal_cortex.o
 .debug_aranges
                0x00000220       0x58 Drivers\STM32F1xx_HAL_Driver\Src\stm32f1xx_hal_gpio.o
 .debug_aranges
                0x00000278       0x88 Drivers\STM32F1xx_HAL_Driver\Src\stm32f1xx_hal_rcc.o
 .debug_aranges
                0x00000300      0x250 Drivers\STM32F1xx_HAL_Driver\Src\stm32f1xx_hal_tim.o
 .debug_aranges
                0x00000550       0xe8 Drivers\STM32F1xx_HAL_Driver\Src\stm32f1xx_hal_tim_ex.o
 .debug_aranges
                0x00000638       0x38 Src\main.o
 .debug_aranges
                0x00000670       0x48 Src\stm32f1xx_hal_msp.o
 .debug_aranges
                0x000006b8       0x58 Src\stm32f1xx_it.o
 .debug_aranges
                0x00000710       0x28 Src\system_stm32f1xx.o
 .debug_aranges
                0x00000738       0x28 startup\startup_stm32f103xb.o

.debug_ranges   0x00000000      0xa60
 .debug_ranges  0x00000000       0xb8 Drivers\STM32F1xx_HAL_Driver\Src\stm32f1xx_hal.o
 .debug_ranges  0x000000b8       0xb8 Drivers\STM32F1xx_HAL_Driver\Src\stm32f1xx_hal_can.o
 .debug_ranges  0x00000170      0x128 Drivers\STM32F1xx_HAL_Driver\Src\stm32f1xx_hal_cortex.o
 .debug_ranges  0x00000298       0x60 Drivers\STM32F1xx_HAL_Driver\Src\stm32f1xx_hal_gpio.o
 .debug_ranges  0x000002f8       0xa0 Drivers\STM32F1xx_HAL_Driver\Src\stm32f1xx_hal_rcc.o
 .debug_ranges  0x00000398      0x340 Drivers\STM32F1xx_HAL_Driver\Src\stm32f1xx_hal_tim.o
 .debug_ranges  0x000006d8       0xd8 Drivers\STM32F1xx_HAL_Driver\Src\stm32f1xx_hal_tim_ex.o
 .debug_ranges  0x000007b0      0x150 Src\main.o
 .debug_ranges  0x00000900       0xe0 Src\stm32f1xx_hal_msp.o
 .debug_ranges  0x000009e0       0x48 Src\stm32f1xx_it.o
 .debug_ranges  0x00000a28       0x18 Src\system_stm32f1xx.o
 .debug_ranges  0x00000a40       0x20 startup\startup_stm32f103xb.o

.debug_line     0x00000000     0x41a3
 .debug_line    0x00000000      0x45f Drivers\STM32F1xx_HAL_Driver\Src\stm32f1xx_hal.o
 .debug_line    0x0000045f      0x6ba Drivers\STM32F1xx_HAL_Driver\Src\stm32f1xx_hal_can.o
 .debug_line    0x00000b19      0x469 Drivers\STM32F1xx_HAL_Driver\Src\stm32f1xx_hal_cortex.o
 .debug_line    0x00000f82      0x45e Drivers\STM32F1xx_HAL_Driver\Src\stm32f1xx_hal_gpio.o
 .debug_line    0x000013e0      0x638 Drivers\STM32F1xx_HAL_Driver\Src\stm32f1xx_hal_rcc.o
 .debug_line    0x00001a18     0x115f Drivers\STM32F1xx_HAL_Driver\Src\stm32f1xx_hal_tim.o
 .debug_line    0x00002b77      0x701 Drivers\STM32F1xx_HAL_Driver\Src\stm32f1xx_hal_tim_ex.o
 .debug_line    0x00003278      0x4bd Src\main.o
 .debug_line    0x00003735      0x3d7 Src\stm32f1xx_hal_msp.o
 .debug_line    0x00003b0c      0x35a Src\stm32f1xx_it.o
 .debug_line    0x00003e66      0x2c0 Src\system_stm32f1xx.o
 .debug_line    0x00004126       0x7d startup\startup_stm32f103xb.o

.debug_str      0x00000000     0x33f0
 .debug_str     0x00000000      0xbd8 Drivers\STM32F1xx_HAL_Driver\Src\stm32f1xx_hal.o
                                0xc85 (size before relaxing)
 .debug_str     0x00000bd8      0x7ef Drivers\STM32F1xx_HAL_Driver\Src\stm32f1xx_hal_can.o
                                0xf40 (size before relaxing)
 .debug_str     0x000013c7      0x2af Drivers\STM32F1xx_HAL_Driver\Src\stm32f1xx_hal_cortex.o
                                0xdad (size before relaxing)
 .debug_str     0x00001676      0x1d6 Drivers\STM32F1xx_HAL_Driver\Src\stm32f1xx_hal_gpio.o
                                0x91a (size before relaxing)
 .debug_str     0x0000184c      0x317 Drivers\STM32F1xx_HAL_Driver\Src\stm32f1xx_hal_rcc.o
                                0xaf8 (size before relaxing)
 .debug_str     0x00001b63     0x10d0 Drivers\STM32F1xx_HAL_Driver\Src\stm32f1xx_hal_tim.o
                               0x1849 (size before relaxing)
 .debug_str     0x00002c33      0x4f1 Drivers\STM32F1xx_HAL_Driver\Src\stm32f1xx_hal_tim_ex.o
                               0x10eb (size before relaxing)
 .debug_str     0x00003124      0x17c Src\main.o
                               0x1446 (size before relaxing)
 .debug_str     0x000032a0       0x25 Src\stm32f1xx_hal_msp.o
                               0x1146 (size before relaxing)
 .debug_str     0x000032c5       0xde Src\stm32f1xx_it.o
                                0xeaa (size before relaxing)
 .debug_str     0x000033a3       0x4d Src\system_stm32f1xx.o
                                0x783 (size before relaxing)

.comment        0x00000000       0x7c
 .comment       0x00000000       0x7c Drivers\STM32F1xx_HAL_Driver\Src\stm32f1xx_hal.o
                                 0x7d (size before relaxing)
 .comment       0x0000007c       0x7d Drivers\STM32F1xx_HAL_Driver\Src\stm32f1xx_hal_can.o
 .comment       0x0000007c       0x7d Drivers\STM32F1xx_HAL_Driver\Src\stm32f1xx_hal_cortex.o
 .comment       0x0000007c       0x7d Drivers\STM32F1xx_HAL_Driver\Src\stm32f1xx_hal_gpio.o
 .comment       0x0000007c       0x7d Drivers\STM32F1xx_HAL_Driver\Src\stm32f1xx_hal_rcc.o
 .comment       0x0000007c       0x7d Drivers\STM32F1xx_HAL_Driver\Src\stm32f1xx_hal_tim.o
 .comment       0x0000007c       0x7d Drivers\STM32F1xx_HAL_Driver\Src\stm32f1xx_hal_tim_ex.o
 .comment       0x0000007c       0x7d Src\main.o
 .comment       0x0000007c       0x7d Src\stm32f1xx_hal_msp.o
 .comment       0x0000007c       0x7d Src\stm32f1xx_it.o
 .comment       0x0000007c       0x7d Src\system_stm32f1xx.o

.debug_frame    0x00000000     0x18dc
 .debug_frame   0x00000000      0x1b0 Drivers\STM32F1xx_HAL_Driver\Src\stm32f1xx_hal.o
 .debug_frame   0x000001b0      0x2cc Drivers\STM32F1xx_HAL_Driver\Src\stm32f1xx_hal_can.o
 .debug_frame   0x0000047c      0x120 Drivers\STM32F1xx_HAL_Driver\Src\stm32f1xx_hal_cortex.o
 .debug_frame   0x0000059c       0xd4 Drivers\STM32F1xx_HAL_Driver\Src\stm32f1xx_hal_gpio.o
 .debug_frame   0x00000670      0x150 Drivers\STM32F1xx_HAL_Driver\Src\stm32f1xx_hal_rcc.o
 .debug_frame   0x000007c0      0x854 Drivers\STM32F1xx_HAL_Driver\Src\stm32f1xx_hal_tim.o
 .debug_frame   0x00001014      0x320 Drivers\STM32F1xx_HAL_Driver\Src\stm32f1xx_hal_tim_ex.o
 .debug_frame   0x00001334       0x6c Src\main.o
 .debug_frame   0x000013a0       0xc8 Src\stm32f1xx_hal_msp.o
 .debug_frame   0x00001468       0xc8 Src\stm32f1xx_it.o
 .debug_frame   0x00001530       0x30 Src\system_stm32f1xx.o
 .debug_frame   0x00001560       0x2c c:/program files (x86)/atollic/truestudio for stm32 9.3.0/armtools/bin/../lib/gcc/arm-atollic-eabi/6.3.1/../../../../arm-atollic-eabi/lib/armv7-m\libc_nano.a(lib_a-init.o)
 .debug_frame   0x0000158c       0x20 c:/program files (x86)/atollic/truestudio for stm32 9.3.0/armtools/bin/../lib/gcc/arm-atollic-eabi/6.3.1/../../../../arm-atollic-eabi/lib/armv7-m\libc_nano.a(lib_a-memset.o)
 .debug_frame   0x000015ac       0xac c:/program files (x86)/atollic/truestudio for stm32 9.3.0/armtools/bin/../lib/gcc/arm-atollic-eabi/6.3.1/armv7-m\libgcc.a(_arm_addsubdf3.o)
 .debug_frame   0x00001658       0x50 c:/program files (x86)/atollic/truestudio for stm32 9.3.0/armtools/bin/../lib/gcc/arm-atollic-eabi/6.3.1/armv7-m\libgcc.a(_arm_muldivdf3.o)
 .debug_frame   0x000016a8       0xc4 c:/program files (x86)/atollic/truestudio for stm32 9.3.0/armtools/bin/../lib/gcc/arm-atollic-eabi/6.3.1/armv7-m\libgcc.a(_arm_cmpdf2.o)
 .debug_frame   0x0000176c       0x4c c:/program files (x86)/atollic/truestudio for stm32 9.3.0/armtools/bin/../lib/gcc/arm-atollic-eabi/6.3.1/armv7-m\libgcc.a(_arm_addsubsf3.o)
 .debug_frame   0x000017b8       0x38 c:/program files (x86)/atollic/truestudio for stm32 9.3.0/armtools/bin/../lib/gcc/arm-atollic-eabi/6.3.1/armv7-m\libgcc.a(_arm_muldivsf3.o)
 .debug_frame   0x000017f0       0xc8 c:/program files (x86)/atollic/truestudio for stm32 9.3.0/armtools/bin/../lib/gcc/arm-atollic-eabi/6.3.1/armv7-m\libgcc.a(_arm_cmpsf2.o)
 .debug_frame   0x000018b8       0x24 c:/program files (x86)/atollic/truestudio for stm32 9.3.0/armtools/bin/../lib/gcc/arm-atollic-eabi/6.3.1/armv7-m\libgcc.a(_arm_fixunssfsi.o)
