Archive member included to satisfy reference by file (symbol)

/opt/Atollic_TrueSTUDIO_for_STM32_x86_64_9.3.0/ARMTools/bin/../lib/gcc/arm-atollic-eabi/6.3.1/../../../../arm-atollic-eabi/lib/armv7-m/libc_nano.a(lib_a-errno.o)
                              Src/syscalls.o (__errno)
/opt/Atollic_TrueSTUDIO_for_STM32_x86_64_9.3.0/ARMTools/bin/../lib/gcc/arm-atollic-eabi/6.3.1/../../../../arm-atollic-eabi/lib/armv7-m/libc_nano.a(lib_a-impure.o)
                              /opt/Atollic_TrueSTUDIO_for_STM32_x86_64_9.3.0/ARMTools/bin/../lib/gcc/arm-atollic-eabi/6.3.1/../../../../arm-atollic-eabi/lib/armv7-m/libc_nano.a(lib_a-errno.o) (_impure_ptr)
/opt/Atollic_TrueSTUDIO_for_STM32_x86_64_9.3.0/ARMTools/bin/../lib/gcc/arm-atollic-eabi/6.3.1/../../../../arm-atollic-eabi/lib/armv7-m/libc_nano.a(lib_a-init.o)
                              startup/startup_stm32f103xb.o (__libc_init_array)
/opt/Atollic_TrueSTUDIO_for_STM32_x86_64_9.3.0/ARMTools/bin/../lib/gcc/arm-atollic-eabi/6.3.1/../../../../arm-atollic-eabi/lib/armv7-m/libc_nano.a(lib_a-memset.o)
                              Drivers/STM32F1xx_HAL_Driver/Src/stm32f1xx_hal_rcc.o (memset)
/opt/Atollic_TrueSTUDIO_for_STM32_x86_64_9.3.0/ARMTools/bin/../lib/gcc/arm-atollic-eabi/6.3.1/armv7-m/libgcc.a(_lshrdi3.o)
                              Drivers/STM32F1xx_HAL_Driver/Src/stm32f1xx_hal_flash.o (__aeabi_llsr)
/opt/Atollic_TrueSTUDIO_for_STM32_x86_64_9.3.0/ARMTools/bin/../lib/gcc/arm-atollic-eabi/6.3.1/armv7-m/libgcc.a(_arm_addsubdf3.o)
                              Src/main.o (__aeabi_f2d)
/opt/Atollic_TrueSTUDIO_for_STM32_x86_64_9.3.0/ARMTools/bin/../lib/gcc/arm-atollic-eabi/6.3.1/armv7-m/libgcc.a(_arm_muldivdf3.o)
                              Src/main.o (__aeabi_dmul)
/opt/Atollic_TrueSTUDIO_for_STM32_x86_64_9.3.0/ARMTools/bin/../lib/gcc/arm-atollic-eabi/6.3.1/armv7-m/libgcc.a(_arm_cmpdf2.o)
                              Src/main.o (__aeabi_dcmplt)
/opt/Atollic_TrueSTUDIO_for_STM32_x86_64_9.3.0/ARMTools/bin/../lib/gcc/arm-atollic-eabi/6.3.1/armv7-m/libgcc.a(_arm_addsubsf3.o)
                              Src/main.o (__aeabi_ui2f)
/opt/Atollic_TrueSTUDIO_for_STM32_x86_64_9.3.0/ARMTools/bin/../lib/gcc/arm-atollic-eabi/6.3.1/armv7-m/libgcc.a(_arm_muldivsf3.o)
                              Src/main.o (__aeabi_fmul)
/opt/Atollic_TrueSTUDIO_for_STM32_x86_64_9.3.0/ARMTools/bin/../lib/gcc/arm-atollic-eabi/6.3.1/armv7-m/libgcc.a(_arm_cmpsf2.o)
                              Src/main.o (__aeabi_fcmpeq)
/opt/Atollic_TrueSTUDIO_for_STM32_x86_64_9.3.0/ARMTools/bin/../lib/gcc/arm-atollic-eabi/6.3.1/armv7-m/libgcc.a(_arm_fixunssfsi.o)
                              Src/main.o (__aeabi_f2uiz)

Allocating common symbols
Common symbol       size              file

sFilterConfig       0x28              Src/main.o
side_change         0x1               Src/main.o
side                0x1               Src/main.o
f                   0x1               Src/main.o
rotate_speed_side   0x1               Src/main.o
k                   0x4               Src/main.o
uwTick              0x4               Drivers/STM32F1xx_HAL_Driver/Src/stm32f1xx_hal.o
pFlash              0x20              Drivers/STM32F1xx_HAL_Driver/Src/stm32f1xx_hal_flash.o
input_capture       0x4               Src/main.o
htim3               0x40              Src/main.o
driver_tx_data      0x2               Src/main.o
rotate_speed        0x4               Src/main.o
EncVal              0x4               Src/main.o
data                0x2               Src/main.o
rotate_speed_can    0x1               Src/main.o
control_data        0x2               Src/main.o
count               0x4               Src/main.o
TxMailbox           0x4               Src/main.o
count1              0x4               Src/main.o
pwm                 0x4               Src/main.o
htim2               0x40              Src/main.o
pRxHeader           0x1c              Src/main.o
hcan1               0x28              Src/main.o
a                   0x1               Src/main.o
pHeader             0x18              Src/main.o
rotate_time         0x4               Src/main.o

Discarded input sections

 .text          0x0000000000000000        0x0 /opt/Atollic_TrueSTUDIO_for_STM32_x86_64_9.3.0/ARMTools/bin/../lib/gcc/arm-atollic-eabi/6.3.1/armv7-m/crti.o
 .data          0x0000000000000000        0x0 /opt/Atollic_TrueSTUDIO_for_STM32_x86_64_9.3.0/ARMTools/bin/../lib/gcc/arm-atollic-eabi/6.3.1/armv7-m/crti.o
 .bss           0x0000000000000000        0x0 /opt/Atollic_TrueSTUDIO_for_STM32_x86_64_9.3.0/ARMTools/bin/../lib/gcc/arm-atollic-eabi/6.3.1/armv7-m/crti.o
 .data          0x0000000000000000        0x4 /opt/Atollic_TrueSTUDIO_for_STM32_x86_64_9.3.0/ARMTools/bin/../lib/gcc/arm-atollic-eabi/6.3.1/armv7-m/crtbegin.o
 .text          0x0000000000000000        0x0 Drivers/STM32F1xx_HAL_Driver/Src/stm32f1xx_hal.o
 .data          0x0000000000000000        0x0 Drivers/STM32F1xx_HAL_Driver/Src/stm32f1xx_hal.o
[...]
Memory Configuration

Name             Origin             Length             Attributes
RAM              0x0000000020000000 0x0000000000005000 xrw
FLASH            0x0000000008000000 0x0000000000010000 xr
*default*        0x0000000000000000 0xffffffffffffffff

Linker script and memory map

LOAD /opt/Atollic_TrueSTUDIO_for_STM32_x86_64_9.3.0/ARMTools/bin/../lib/gcc/arm-atollic-eabi/6.3.1/armv7-m/crti.o
LOAD /opt/Atollic_TrueSTUDIO_for_STM32_x86_64_9.3.0/ARMTools/bin/../lib/gcc/arm-atollic-eabi/6.3.1/armv7-m/crtbegin.o
LOAD Drivers/STM32F1xx_HAL_Driver/Src/stm32f1xx_hal.o
LOAD Drivers/STM32F1xx_HAL_Driver/Src/stm32f1xx_hal_can.o
LOAD Drivers/STM32F1xx_HAL_Driver/Src/stm32f1xx_hal_cortex.o
LOAD Drivers/STM32F1xx_HAL_Driver/Src/stm32f1xx_hal_dma.o
LOAD Drivers/STM32F1xx_HAL_Driver/Src/stm32f1xx_hal_flash.o
LOAD Drivers/STM32F1xx_HAL_Driver/Src/stm32f1xx_hal_flash_ex.o
LOAD Drivers/STM32F1xx_HAL_Driver/Src/stm32f1xx_hal_gpio.o
LOAD Drivers/STM32F1xx_HAL_Driver/Src/stm32f1xx_hal_gpio_ex.o
LOAD Drivers/STM32F1xx_HAL_Driver/Src/stm32f1xx_hal_pwr.o
LOAD Drivers/STM32F1xx_HAL_Driver/Src/stm32f1xx_hal_rcc.o
LOAD Drivers/STM32F1xx_HAL_Driver/Src/stm32f1xx_hal_rcc_ex.o
LOAD Drivers/STM32F1xx_HAL_Driver/Src/stm32f1xx_hal_tim.o
LOAD Drivers/STM32F1xx_HAL_Driver/Src/stm32f1xx_hal_tim_ex.o
LOAD Src/main.o
LOAD Src/stm32f1xx_hal_msp.o
LOAD Src/stm32f1xx_it.o
LOAD Src/syscalls.o
LOAD Src/system_stm32f1xx.o
LOAD startup/startup_stm32f103xb.o
                0x0000000000000080                malloc_getpagesize_P = 0x80
START GROUP
LOAD /opt/Atollic_TrueSTUDIO_for_STM32_x86_64_9.3.0/ARMTools/bin/../lib/gcc/arm-atollic-eabi/6.3.1/../../../../arm-atollic-eabi/lib/armv7-m/libc_nano.a
LOAD /opt/Atollic_TrueSTUDIO_for_STM32_x86_64_9.3.0/ARMTools/bin/../lib/gcc/arm-atollic-eabi/6.3.1/../../../../arm-atollic-eabi/lib/armv7-m/libm.a
END GROUP
START GROUP
LOAD /opt/Atollic_TrueSTUDIO_for_STM32_x86_64_9.3.0/ARMTools/bin/../lib/gcc/arm-atollic-eabi/6.3.1/armv7-m/libgcc.a
LOAD /opt/Atollic_TrueSTUDIO_for_STM32_x86_64_9.3.0/ARMTools/bin/../lib/gcc/arm-atollic-eabi/6.3.1/../../../../arm-atollic-eabi/lib/armv7-m/libc_nano.a
END GROUP
START GROUP
LOAD /opt/Atollic_TrueSTUDIO_for_STM32_x86_64_9.3.0/ARMTools/bin/../lib/gcc/arm-atollic-eabi/6.3.1/armv7-m/libgcc.a
LOAD /opt/Atollic_TrueSTUDIO_for_STM32_x86_64_9.3.0/ARMTools/bin/../lib/gcc/arm-atollic-eabi/6.3.1/../../../../arm-atollic-eabi/lib/armv7-m/libc_nano.a
LOAD /opt/Atollic_TrueSTUDIO_for_STM32_x86_64_9.3.0/ARMTools/bin/../lib/gcc/arm-atollic-eabi/6.3.1/../../../../arm-atollic-eabi/lib/armv7-m/libnosys.a
END GROUP
START GROUP
LOAD /opt/Atollic_TrueSTUDIO_for_STM32_x86_64_9.3.0/ARMTools/bin/../lib/gcc/arm-atollic-eabi/6.3.1/armv7-m/libgcc.a
LOAD /opt/Atollic_TrueSTUDIO_for_STM32_x86_64_9.3.0/ARMTools/bin/../lib/gcc/arm-atollic-eabi/6.3.1/../../../../arm-atollic-eabi/lib/armv7-m/libc_nano.a
LOAD /opt/Atollic_TrueSTUDIO_for_STM32_x86_64_9.3.0/ARMTools/bin/../lib/gcc/arm-atollic-eabi/6.3.1/../../../../arm-atollic-eabi/lib/armv7-m/libnosys.a
END GROUP
LOAD /opt/Atollic_TrueSTUDIO_for_STM32_x86_64_9.3.0/ARMTools/bin/../lib/gcc/arm-atollic-eabi/6.3.1/armv7-m/crtend.o
LOAD /opt/Atollic_TrueSTUDIO_for_STM32_x86_64_9.3.0/ARMTools/bin/../lib/gcc/arm-atollic-eabi/6.3.1/armv7-m/crtn.o
                0x0000000020005000                _estack = 0x20005000
                0x0000000000000200                _Min_Heap_Size = 0x200
                0x0000000000000400                _Min_Stack_Size = 0x400

.isr_vector     0x0000000008000000      0x10c
                0x0000000008000000                . = ALIGN (0x4)
 *(.isr_vector)
 .isr_vector    0x0000000008000000      0x10c startup/startup_stm32f103xb.o
                0x0000000008000000                g_pfnVectors
                0x000000000800010c                . = ALIGN (0x4)

.text           0x0000000008000110     0x3184
                0x0000000008000110                . = ALIGN (0x4)
 *(.text)
 .text          0x0000000008000110       0x40 /opt/Atollic_TrueSTUDIO_for_STM32_x86_64_9.3.0/ARMTools/bin/../lib/gcc/arm-atollic-eabi/6.3.1/armv7-m/crtbegin.o
 .text          0x0000000008000150      0x370 /opt/Atollic_TrueSTUDIO_for_STM32_x86_64_9.3.0/ARMTools/bin/../lib/gcc/arm-atollic-eabi/6.3.1/armv7-m/libgcc.a(_arm_addsubdf3.o)
                0x0000000008000150                __aeabi_drsub
                0x0000000008000158                __aeabi_dsub
                0x0000000008000158                __subdf3
                0x000000000800015c                __adddf3
                0x000000000800015c                __aeabi_dadd
                0x00000000080003d4                __aeabi_ui2d
                0x00000000080003d4                __floatunsidf
                0x00000000080003f4                __floatsidf
                0x00000000080003f4                __aeabi_i2d
                0x0000000008000418                __extendsfdf2
                0x0000000008000418                __aeabi_f2d
                0x0000000008000454                __aeabi_ul2d
                0x0000000008000454                __floatundidf
                0x0000000008000464                __floatdidf
                0x0000000008000464                __aeabi_l2d
 .text          0x00000000080004c0      0x424 /opt/Atollic_TrueSTUDIO_for_STM32_x86_64_9.3.0/ARMTools/bin/../lib/gcc/arm-atollic-eabi/6.3.1/armv7-m/libgcc.a(_arm_muldivdf3.o)
                0x00000000080004c0                __aeabi_dmul
                0x00000000080004c0                __muldf3
                0x0000000008000714                __aeabi_ddiv
                0x0000000008000714                __divdf3
 .text          0x00000000080008e4      0x110 /opt/Atollic_TrueSTUDIO_for_STM32_x86_64_9.3.0/ARMTools/bin/../lib/gcc/arm-atollic-eabi/6.3.1/armv7-m/libgcc.a(_arm_cmpdf2.o)
                0x00000000080008e4                __gtdf2
                0x00000000080008e4                __gedf2
                0x00000000080008ec                __ltdf2
                0x00000000080008ec                __ledf2
                0x00000000080008f4                __cmpdf2
                0x00000000080008f4                __eqdf2
                0x00000000080008f4                __nedf2
                0x0000000008000970                __aeabi_cdrcmple
                0x0000000008000980                __aeabi_cdcmple
                0x0000000008000980                __aeabi_cdcmpeq
                0x0000000008000990                __aeabi_dcmpeq
                0x00000000080009a4                __aeabi_dcmplt
                0x00000000080009b8                __aeabi_dcmple
                0x00000000080009cc                __aeabi_dcmpge
                0x00000000080009e0                __aeabi_dcmpgt
 .text          0x00000000080009f4      0x21c /opt/Atollic_TrueSTUDIO_for_STM32_x86_64_9.3.0/ARMTools/bin/../lib/gcc/arm-atollic-eabi/6.3.1/armv7-m/libgcc.a(_arm_addsubsf3.o)
                0x00000000080009f4                __aeabi_frsub
                0x00000000080009fc                __subsf3
                0x00000000080009fc                __aeabi_fsub
                0x0000000008000a00                __aeabi_fadd
                0x0000000008000a00                __addsf3
                0x0000000008000b60                __aeabi_ui2f
                0x0000000008000b60                __floatunsisf
                0x0000000008000b68                __aeabi_i2f
                0x0000000008000b68                __floatsisf
                0x0000000008000b84                __floatundisf
                0x0000000008000b84                __aeabi_ul2f
                0x0000000008000b94                __floatdisf
                0x0000000008000b94                __aeabi_l2f
 .text          0x0000000008000c10      0x2a0 /opt/Atollic_TrueSTUDIO_for_STM32_x86_64_9.3.0/ARMTools/bin/../lib/gcc/arm-atollic-eabi/6.3.1/armv7-m/libgcc.a(_arm_muldivsf3.o)
                0x0000000008000c10                __mulsf3
                0x0000000008000c10                __aeabi_fmul
                0x0000000008000d78                __divsf3
                0x0000000008000d78                __aeabi_fdiv
 .text          0x0000000008000eb0       0xec /opt/Atollic_TrueSTUDIO_for_STM32_x86_64_9.3.0/ARMTools/bin/../lib/gcc/arm-atollic-eabi/6.3.1/armv7-m/libgcc.a(_arm_cmpsf2.o)
                0x0000000008000eb0                __gtsf2
                0x0000000008000eb0                __gesf2
                0x0000000008000eb8                __lesf2
                0x0000000008000eb8                __ltsf2
                0x0000000008000ec0                __nesf2
                0x0000000008000ec0                __eqsf2
                0x0000000008000ec0                __cmpsf2
                0x0000000008000f20                __aeabi_cfrcmple
                0x0000000008000f28                __aeabi_cfcmple
                0x0000000008000f28                __aeabi_cfcmpeq
                0x0000000008000f38                __aeabi_fcmpeq
                0x0000000008000f4c                __aeabi_fcmplt
                0x0000000008000f60                __aeabi_fcmple
                0x0000000008000f74                __aeabi_fcmpge
                0x0000000008000f88                __aeabi_fcmpgt
 .text          0x0000000008000f9c       0x40 /opt/Atollic_TrueSTUDIO_for_STM32_x86_64_9.3.0/ARMTools/bin/../lib/gcc/arm-atollic-eabi/6.3.1/armv7-m/libgcc.a(_arm_fixunssfsi.o)
                0x0000000008000f9c                __aeabi_f2uiz
                0x0000000008000f9c                __fixunssfsi
 *(.text*)
 .text.HAL_InitTick
                0x0000000008000fdc       0x48 Drivers/STM32F1xx_HAL_Driver/Src/stm32f1xx_hal.o
                0x0000000008000fdc                HAL_InitTick
 .text.HAL_Init
                0x0000000008001024       0x24 Drivers/STM32F1xx_HAL_Driver/Src/stm32f1xx_hal.o
                0x0000000008001024                HAL_Init
 .text.HAL_IncTick
                0x0000000008001048       0x18 Drivers/STM32F1xx_HAL_Driver/Src/stm32f1xx_hal.o
                0x0000000008001048                HAL_IncTick
 .text.HAL_GetTick
                0x0000000008001060        0xc Drivers/STM32F1xx_HAL_Driver/Src/stm32f1xx_hal.o
                0x0000000008001060                HAL_GetTick
 .text.HAL_Delay
                0x000000000800106c       0x24 Drivers/STM32F1xx_HAL_Driver/Src/stm32f1xx_hal.o
                0x000000000800106c                HAL_Delay
 .text.HAL_CAN_Init
                0x0000000008001090       0xf6 Drivers/STM32F1xx_HAL_Driver/Src/stm32f1xx_hal_can.o
                0x0000000008001090                HAL_CAN_Init
 .text.HAL_CAN_ConfigFilter
                0x0000000008001186       0xd8 Drivers/STM32F1xx_HAL_Driver/Src/stm32f1xx_hal_can.o
                0x0000000008001186                HAL_CAN_ConfigFilter
 .text.HAL_CAN_Start
                0x000000000800125e       0x56 Drivers/STM32F1xx_HAL_Driver/Src/stm32f1xx_hal_can.o
                0x000000000800125e                HAL_CAN_Start
 .text.HAL_CAN_AddTxMessage
                0x00000000080012b4       0x9c Drivers/STM32F1xx_HAL_Driver/Src/stm32f1xx_hal_can.o
                0x00000000080012b4                HAL_CAN_AddTxMessage
 .text.HAL_CAN_GetRxMessage
                0x0000000008001350       0xec Drivers/STM32F1xx_HAL_Driver/Src/stm32f1xx_hal_can.o
                0x0000000008001350                HAL_CAN_GetRxMessage
 .text.HAL_CAN_ActivateNotification
                0x000000000800143c       0x22 Drivers/STM32F1xx_HAL_Driver/Src/stm32f1xx_hal_can.o
                0x000000000800143c                HAL_CAN_ActivateNotification
 .text.HAL_CAN_TxMailbox0CompleteCallback
                0x000000000800145e        0x2 Drivers/STM32F1xx_HAL_Driver/Src/stm32f1xx_hal_can.o
                0x000000000800145e                HAL_CAN_TxMailbox0CompleteCallback
 .text.HAL_CAN_TxMailbox1CompleteCallback
                0x0000000008001460        0x2 Drivers/STM32F1xx_HAL_Driver/Src/stm32f1xx_hal_can.o
                0x0000000008001460                HAL_CAN_TxMailbox1CompleteCallback
 .text.HAL_CAN_TxMailbox2CompleteCallback
                0x0000000008001462        0x2 Drivers/STM32F1xx_HAL_Driver/Src/stm32f1xx_hal_can.o
                0x0000000008001462                HAL_CAN_TxMailbox2CompleteCallback
 .text.HAL_CAN_TxMailbox0AbortCallback
                0x0000000008001464        0x2 Drivers/STM32F1xx_HAL_Driver/Src/stm32f1xx_hal_can.o
                0x0000000008001464                HAL_CAN_TxMailbox0AbortCallback
 .text.HAL_CAN_TxMailbox1AbortCallback
                0x0000000008001466        0x2 Drivers/STM32F1xx_HAL_Driver/Src/stm32f1xx_hal_can.o
                0x0000000008001466                HAL_CAN_TxMailbox1AbortCallback
 .text.HAL_CAN_TxMailbox2AbortCallback
                0x0000000008001468        0x2 Drivers/STM32F1xx_HAL_Driver/Src/stm32f1xx_hal_can.o
                0x0000000008001468                HAL_CAN_TxMailbox2AbortCallback
 .text.HAL_CAN_RxFifo0MsgPendingCallback
                0x000000000800146a        0x2 Drivers/STM32F1xx_HAL_Driver/Src/stm32f1xx_hal_can.o
                0x000000000800146a                HAL_CAN_RxFifo0MsgPendingCallback
 .text.HAL_CAN_RxFifo0FullCallback
                0x000000000800146c        0x2 Drivers/STM32F1xx_HAL_Driver/Src/stm32f1xx_hal_can.o
                0x000000000800146c                HAL_CAN_RxFifo0FullCallback
 .text.HAL_CAN_RxFifo1MsgPendingCallback
                0x000000000800146e        0x2 Drivers/STM32F1xx_HAL_Driver/Src/stm32f1xx_hal_can.o
                0x000000000800146e                HAL_CAN_RxFifo1MsgPendingCallback
 .text.HAL_CAN_RxFifo1FullCallback
                0x0000000008001470        0x2 Drivers/STM32F1xx_HAL_Driver/Src/stm32f1xx_hal_can.o
                0x0000000008001470                HAL_CAN_RxFifo1FullCallback
 .text.HAL_CAN_SleepCallback
                0x0000000008001472        0x2 Drivers/STM32F1xx_HAL_Driver/Src/stm32f1xx_hal_can.o
                0x0000000008001472                HAL_CAN_SleepCallback
 .text.HAL_CAN_WakeUpFromRxMsgCallback
                0x0000000008001474        0x2 Drivers/STM32F1xx_HAL_Driver/Src/stm32f1xx_hal_can.o
                0x0000000008001474                HAL_CAN_WakeUpFromRxMsgCallback
 .text.HAL_CAN_ErrorCallback
                0x0000000008001476        0x2 Drivers/STM32F1xx_HAL_Driver/Src/stm32f1xx_hal_can.o
                0x0000000008001476                HAL_CAN_ErrorCallback
 .text.HAL_CAN_IRQHandler
                0x0000000008001478      0x1fc Drivers/STM32F1xx_HAL_Driver/Src/stm32f1xx_hal_can.o
                0x0000000008001478                HAL_CAN_IRQHandler
 .text.HAL_NVIC_SetPriorityGrouping
                0x0000000008001674       0x24 Drivers/STM32F1xx_HAL_Driver/Src/stm32f1xx_hal_cortex.o
                0x0000000008001674                HAL_NVIC_SetPriorityGrouping
 .text.HAL_NVIC_SetPriority
                0x0000000008001698       0x68 Drivers/STM32F1xx_HAL_Driver/Src/stm32f1xx_hal_cortex.o
                0x0000000008001698                HAL_NVIC_SetPriority
 .text.HAL_NVIC_EnableIRQ
                0x0000000008001700       0x18 Drivers/STM32F1xx_HAL_Driver/Src/stm32f1xx_hal_cortex.o
                0x0000000008001700                HAL_NVIC_EnableIRQ
 .text.HAL_SYSTICK_Config
                0x0000000008001718       0x2c Drivers/STM32F1xx_HAL_Driver/Src/stm32f1xx_hal_cortex.o
                0x0000000008001718                HAL_SYSTICK_Config
 .text.HAL_GPIO_Init
                0x0000000008001744      0x1c0 Drivers/STM32F1xx_HAL_Driver/Src/stm32f1xx_hal_gpio.o
                0x0000000008001744                HAL_GPIO_Init
 .text.HAL_GPIO_WritePin
                0x0000000008001904        0xa Drivers/STM32F1xx_HAL_Driver/Src/stm32f1xx_hal_gpio.o
                0x0000000008001904                HAL_GPIO_WritePin
 *fill*         0x000000000800190e        0x2 
 .text.HAL_RCC_OscConfig
                0x0000000008001910      0x318 Drivers/STM32F1xx_HAL_Driver/Src/stm32f1xx_hal_rcc.o
                0x0000000008001910                HAL_RCC_OscConfig
 .text.HAL_RCC_GetSysClockFreq
                0x0000000008001c28       0x84 Drivers/STM32F1xx_HAL_Driver/Src/stm32f1xx_hal_rcc.o
                0x0000000008001c28                HAL_RCC_GetSysClockFreq
 .text.HAL_RCC_ClockConfig
                0x0000000008001cac      0x164 Drivers/STM32F1xx_HAL_Driver/Src/stm32f1xx_hal_rcc.o
                0x0000000008001cac                HAL_RCC_ClockConfig
 .text.TIM_OC1_SetConfig
                0x0000000008001e10       0x50 Drivers/STM32F1xx_HAL_Driver/Src/stm32f1xx_hal_tim.o
 .text.TIM_OC3_SetConfig
                0x0000000008001e60       0x54 Drivers/STM32F1xx_HAL_Driver/Src/stm32f1xx_hal_tim.o
 .text.TIM_OC4_SetConfig
                0x0000000008001eb4       0x44 Drivers/STM32F1xx_HAL_Driver/Src/stm32f1xx_hal_tim.o
 .text.HAL_TIM_PWM_MspInit
                0x0000000008001ef8        0x2 Drivers/STM32F1xx_HAL_Driver/Src/stm32f1xx_hal_tim.o
                0x0000000008001ef8                HAL_TIM_PWM_MspInit
 .text.HAL_TIM_ConfigClockSource
                0x0000000008001efa      0x172 Drivers/STM32F1xx_HAL_Driver/Src/stm32f1xx_hal_tim.o
                0x0000000008001efa                HAL_TIM_ConfigClockSource
 .text.HAL_TIM_ReadCapturedValue
                0x000000000800206c       0x46 Drivers/STM32F1xx_HAL_Driver/Src/stm32f1xx_hal_tim.o
                0x000000000800206c                HAL_TIM_ReadCapturedValue
 .text.HAL_TIM_PeriodElapsedCallback
                0x00000000080020b2        0x2 Drivers/STM32F1xx_HAL_Driver/Src/stm32f1xx_hal_tim.o
                0x00000000080020b2                HAL_TIM_PeriodElapsedCallback
 .text.HAL_TIM_OC_DelayElapsedCallback
                0x00000000080020b4        0x2 Drivers/STM32F1xx_HAL_Driver/Src/stm32f1xx_hal_tim.o
                0x00000000080020b4                HAL_TIM_OC_DelayElapsedCallback
 .text.HAL_TIM_PWM_PulseFinishedCallback
                0x00000000080020b6        0x2 Drivers/STM32F1xx_HAL_Driver/Src/stm32f1xx_hal_tim.o
                0x00000000080020b6                HAL_TIM_PWM_PulseFinishedCallback
 .text.HAL_TIM_TriggerCallback
                0x00000000080020b8        0x2 Drivers/STM32F1xx_HAL_Driver/Src/stm32f1xx_hal_tim.o
                0x00000000080020b8                HAL_TIM_TriggerCallback
 .text.HAL_TIM_IRQHandler
                0x00000000080020ba      0x144 Drivers/STM32F1xx_HAL_Driver/Src/stm32f1xx_hal_tim.o
                0x00000000080020ba                HAL_TIM_IRQHandler
 *fill*         0x00000000080021fe        0x2 
 .text.TIM_Base_SetConfig
                0x0000000008002200       0x70 Drivers/STM32F1xx_HAL_Driver/Src/stm32f1xx_hal_tim.o
                0x0000000008002200                TIM_Base_SetConfig
 .text.HAL_TIM_Base_Init
                0x0000000008002270       0x34 Drivers/STM32F1xx_HAL_Driver/Src/stm32f1xx_hal_tim.o
                0x0000000008002270                HAL_TIM_Base_Init
 .text.HAL_TIM_PWM_Init
                0x00000000080022a4       0x34 Drivers/STM32F1xx_HAL_Driver/Src/stm32f1xx_hal_tim.o
                0x00000000080022a4                HAL_TIM_PWM_Init
 .text.HAL_TIM_IC_Init
                0x00000000080022d8       0x34 Drivers/STM32F1xx_HAL_Driver/Src/stm32f1xx_hal_tim.o
                0x00000000080022d8                HAL_TIM_IC_Init
 .text.TIM_OC2_SetConfig
                0x000000000800230c       0x58 Drivers/STM32F1xx_HAL_Driver/Src/stm32f1xx_hal_tim.o
                0x000000000800230c                TIM_OC2_SetConfig
 .text.HAL_TIM_PWM_ConfigChannel
                0x0000000008002364       0xc4 Drivers/STM32F1xx_HAL_Driver/Src/stm32f1xx_hal_tim.o
                0x0000000008002364                HAL_TIM_PWM_ConfigChannel
 .text.TIM_TI1_SetConfig
                0x0000000008002428       0x54 Drivers/STM32F1xx_HAL_Driver/Src/stm32f1xx_hal_tim.o
                0x0000000008002428                TIM_TI1_SetConfig
 .text.HAL_TIM_IC_ConfigChannel
                0x000000000800247c      0x110 Drivers/STM32F1xx_HAL_Driver/Src/stm32f1xx_hal_tim.o
                0x000000000800247c                HAL_TIM_IC_ConfigChannel
 .text.TIM_CCxChannelCmd
                0x000000000800258c       0x18 Drivers/STM32F1xx_HAL_Driver/Src/stm32f1xx_hal_tim.o
                0x000000000800258c                TIM_CCxChannelCmd
 .text.HAL_TIM_PWM_Start
                0x00000000080025a4       0x2c Drivers/STM32F1xx_HAL_Driver/Src/stm32f1xx_hal_tim.o
                0x00000000080025a4                HAL_TIM_PWM_Start
 .text.HAL_TIM_IC_Start_IT
                0x00000000080025d0       0x58 Drivers/STM32F1xx_HAL_Driver/Src/stm32f1xx_hal_tim.o
                0x00000000080025d0                HAL_TIM_IC_Start_IT
 .text.HAL_TIMEx_MasterConfigSynchronization
                0x0000000008002628       0x44 Drivers/STM32F1xx_HAL_Driver/Src/stm32f1xx_hal_tim_ex.o
                0x0000000008002628                HAL_TIMEx_MasterConfigSynchronization
 .text.HAL_TIMEx_CommutationCallback
                0x000000000800266c        0x2 Drivers/STM32F1xx_HAL_Driver/Src/stm32f1xx_hal_tim_ex.o
                0x000000000800266c                HAL_TIMEx_CommutationCallback
 .text.HAL_TIMEx_BreakCallback
                0x000000000800266e        0x2 Drivers/STM32F1xx_HAL_Driver/Src/stm32f1xx_hal_tim_ex.o
                0x000000000800266e                HAL_TIMEx_BreakCallback
 .text.stop_movement.6994
                0x0000000008002670       0x3c Src/main.o
 .text.HAL_TIM_IC_CaptureCallback
                0x00000000080026ac       0x14 Src/main.o
                0x00000000080026ac                HAL_TIM_IC_CaptureCallback
 .text.SystemClock_Config
                0x00000000080026c0       0x5a Src/main.o
                0x00000000080026c0                SystemClock_Config
 *fill*         0x000000000800271a        0x6 
 .text.startup.main
                0x0000000008002720      0x854 Src/main.o
                0x0000000008002720                main
 .text.HAL_MspInit
                0x0000000008002f74       0x44 Src/stm32f1xx_hal_msp.o
                0x0000000008002f74                HAL_MspInit
 .text.HAL_CAN_MspInit
                0x0000000008002fb8       0x80 Src/stm32f1xx_hal_msp.o
                0x0000000008002fb8                HAL_CAN_MspInit
 .text.HAL_TIM_Base_MspInit
                0x0000000008003038       0x24 Src/stm32f1xx_hal_msp.o
                0x0000000008003038                HAL_TIM_Base_MspInit
 .text.HAL_TIM_IC_MspInit
                0x000000000800305c       0x68 Src/stm32f1xx_hal_msp.o
                0x000000000800305c                HAL_TIM_IC_MspInit
 .text.HAL_TIM_MspPostInit
                0x00000000080030c4       0x48 Src/stm32f1xx_hal_msp.o
                0x00000000080030c4                HAL_TIM_MspPostInit
 .text.NMI_Handler
                0x000000000800310c        0x2 Src/stm32f1xx_it.o
                0x000000000800310c                NMI_Handler
 .text.HardFault_Handler
                0x000000000800310e        0x2 Src/stm32f1xx_it.o
                0x000000000800310e                HardFault_Handler
 .text.MemManage_Handler
                0x0000000008003110        0x2 Src/stm32f1xx_it.o
                0x0000000008003110                MemManage_Handler
 .text.BusFault_Handler
                0x0000000008003112        0x2 Src/stm32f1xx_it.o
                0x0000000008003112                BusFault_Handler
 .text.UsageFault_Handler
                0x0000000008003114        0x2 Src/stm32f1xx_it.o
                0x0000000008003114                UsageFault_Handler
 .text.SVC_Handler
                0x0000000008003116        0x2 Src/stm32f1xx_it.o
                0x0000000008003116                SVC_Handler
 .text.DebugMon_Handler
                0x0000000008003118        0x2 Src/stm32f1xx_it.o
                0x0000000008003118                DebugMon_Handler
 .text.PendSV_Handler
                0x000000000800311a        0x2 Src/stm32f1xx_it.o
                0x000000000800311a                PendSV_Handler
 .text.SysTick_Handler
                0x000000000800311c        0x4 Src/stm32f1xx_it.o
                0x000000000800311c                SysTick_Handler
 .text.USB_LP_CAN1_RX0_IRQHandler
                0x0000000008003120       0x60 Src/stm32f1xx_it.o
                0x0000000008003120                USB_LP_CAN1_RX0_IRQHandler
 .text.TIM3_IRQHandler
                0x0000000008003180        0xc Src/stm32f1xx_it.o
                0x0000000008003180                TIM3_IRQHandler
 .text.SystemInit
                0x000000000800318c       0x4c Src/system_stm32f1xx.o
                0x000000000800318c                SystemInit
 .text.Reset_Handler
                0x00000000080031d8       0x48 startup/startup_stm32f103xb.o
                0x00000000080031d8                Reset_Handler
 .text.Default_Handler
                0x0000000008003220        0x2 startup/startup_stm32f103xb.o
                0x0000000008003220                RTC_Alarm_IRQHandler
                0x0000000008003220                EXTI2_IRQHandler
                0x0000000008003220                TIM1_CC_IRQHandler
                0x0000000008003220                PVD_IRQHandler
                0x0000000008003220                EXTI3_IRQHandler
                0x0000000008003220                EXTI0_IRQHandler
                0x0000000008003220                I2C2_EV_IRQHandler
                0x0000000008003220                ADC1_2_IRQHandler
                0x0000000008003220                SPI1_IRQHandler
                0x0000000008003220                TAMPER_IRQHandler
                0x0000000008003220                DMA1_Channel4_IRQHandler
                0x0000000008003220                USART3_IRQHandler
                0x0000000008003220                RTC_IRQHandler
                0x0000000008003220                DMA1_Channel7_IRQHandler
                0x0000000008003220                CAN1_RX1_IRQHandler
                0x0000000008003220                TIM4_IRQHandler
                0x0000000008003220                I2C1_EV_IRQHandler
                0x0000000008003220                DMA1_Channel6_IRQHandler
                0x0000000008003220                RCC_IRQHandler
                0x0000000008003220                TIM1_TRG_COM_IRQHandler
                0x0000000008003220                DMA1_Channel1_IRQHandler
                0x0000000008003220                Default_Handler
                0x0000000008003220                EXTI15_10_IRQHandler
                0x0000000008003220                EXTI9_5_IRQHandler
                0x0000000008003220                SPI2_IRQHandler
                0x0000000008003220                DMA1_Channel5_IRQHandler
                0x0000000008003220                EXTI4_IRQHandler
                0x0000000008003220                USB_HP_CAN1_TX_IRQHandler
                0x0000000008003220                DMA1_Channel3_IRQHandler
                0x0000000008003220                TIM1_UP_IRQHandler
                0x0000000008003220                WWDG_IRQHandler
                0x0000000008003220                TIM2_IRQHandler
                0x0000000008003220                TIM1_BRK_IRQHandler
                0x0000000008003220                EXTI1_IRQHandler
                0x0000000008003220                USART2_IRQHandler
                0x0000000008003220                I2C2_ER_IRQHandler
                0x0000000008003220                DMA1_Channel2_IRQHandler
                0x0000000008003220                CAN1_SCE_IRQHandler
                0x0000000008003220                FLASH_IRQHandler
                0x0000000008003220                USART1_IRQHandler
                0x0000000008003220                I2C1_ER_IRQHandler
                0x0000000008003220                USBWakeUp_IRQHandler
 *fill*         0x0000000008003222        0x2 
 .text.__libc_init_array
                0x0000000008003224       0x48 /opt/Atollic_TrueSTUDIO_for_STM32_x86_64_9.3.0/ARMTools/bin/../lib/gcc/arm-atollic-eabi/6.3.1/../../../../arm-atollic-eabi/lib/armv7-m/libc_nano.a(lib_a-init.o)
                0x0000000008003224                __libc_init_array
 .text.memset   0x000000000800326c       0x10 /opt/Atollic_TrueSTUDIO_for_STM32_x86_64_9.3.0/ARMTools/bin/../lib/gcc/arm-atollic-eabi/6.3.1/../../../../arm-atollic-eabi/lib/armv7-m/libc_nano.a(lib_a-memset.o)
                0x000000000800326c                memset
 *(.glue_7)
 .glue_7        0x000000000800327c        0x0 linker stubs
 *(.glue_7t)
 .glue_7t       0x000000000800327c        0x0 linker stubs
 *(.eh_frame)
 .eh_frame      0x000000000800327c        0x0 /opt/Atollic_TrueSTUDIO_for_STM32_x86_64_9.3.0/ARMTools/bin/../lib/gcc/arm-atollic-eabi/6.3.1/armv7-m/crtbegin.o
 *(.init)
 .init          0x000000000800327c        0x4 /opt/Atollic_TrueSTUDIO_for_STM32_x86_64_9.3.0/ARMTools/bin/../lib/gcc/arm-atollic-eabi/6.3.1/armv7-m/crti.o
                0x000000000800327c                _init
 .init          0x0000000008003280        0x8 /opt/Atollic_TrueSTUDIO_for_STM32_x86_64_9.3.0/ARMTools/bin/../lib/gcc/arm-atollic-eabi/6.3.1/armv7-m/crtn.o
 *(.fini)
 .fini          0x0000000008003288        0x4 /opt/Atollic_TrueSTUDIO_for_STM32_x86_64_9.3.0/ARMTools/bin/../lib/gcc/arm-atollic-eabi/6.3.1/armv7-m/crti.o
                0x0000000008003288                _fini
 .fini          0x000000000800328c        0x8 /opt/Atollic_TrueSTUDIO_for_STM32_x86_64_9.3.0/ARMTools/bin/../lib/gcc/arm-atollic-eabi/6.3.1/armv7-m/crtn.o
                0x0000000008003294                . = ALIGN (0x4)
                0x0000000008003294                _etext = .

.vfp11_veneer   0x0000000008003294        0x0
 .vfp11_veneer  0x0000000008003294        0x0 linker stubs

.v4_bx          0x0000000008003294        0x0
 .v4_bx         0x0000000008003294        0x0 linker stubs

.iplt           0x0000000008003294        0x0
 .iplt          0x0000000008003294        0x0 /opt/Atollic_TrueSTUDIO_for_STM32_x86_64_9.3.0/ARMTools/bin/../lib/gcc/arm-atollic-eabi/6.3.1/armv7-m/crtbegin.o

.rodata         0x0000000008003294       0x20
                0x0000000008003294                . = ALIGN (0x4)
 *(.rodata)
 .rodata        0x0000000008003294       0x10 Drivers/STM32F1xx_HAL_Driver/Src/stm32f1xx_hal_rcc.o
 *(.rodata*)
 .rodata.AHBPrescTable
                0x00000000080032a4       0x10 Src/system_stm32f1xx.o
                0x00000000080032a4                AHBPrescTable
                0x00000000080032b4                . = ALIGN (0x4)

.rel.dyn        0x00000000080032b4        0x0
 .rel.iplt      0x00000000080032b4        0x0 /opt/Atollic_TrueSTUDIO_for_STM32_x86_64_9.3.0/ARMTools/bin/../lib/gcc/arm-atollic-eabi/6.3.1/armv7-m/crtbegin.o

.ARM.extab
 *(.ARM.extab* .gnu.linkonce.armextab.*)

.ARM            0x00000000080032b4        0x0
                0x00000000080032b4                __exidx_start = .
 *(.ARM.exidx*)
                0x00000000080032b4                __exidx_end = .

.preinit_array  0x00000000080032b4        0x0
                0x00000000080032b4                PROVIDE (__preinit_array_start, .)
 *(.preinit_array*)
                0x00000000080032b4                PROVIDE (__preinit_array_end, .)

.init_array     0x00000000080032b4        0x4
                0x00000000080032b4                PROVIDE (__init_array_start, .)
 *(SORT(.init_array.*))
 *(.init_array*)
 .init_array    0x00000000080032b4        0x4 /opt/Atollic_TrueSTUDIO_for_STM32_x86_64_9.3.0/ARMTools/bin/../lib/gcc/arm-atollic-eabi/6.3.1/armv7-m/crtbegin.o
                0x00000000080032b8                PROVIDE (__init_array_end, .)

.fini_array     0x00000000080032b8        0x4
                [!provide]                        PROVIDE (__fini_array_start, .)
 *(SORT(.fini_array.*))
 *(.fini_array*)
 .fini_array    0x00000000080032b8        0x4 /opt/Atollic_TrueSTUDIO_for_STM32_x86_64_9.3.0/ARMTools/bin/../lib/gcc/arm-atollic-eabi/6.3.1/armv7-m/crtbegin.o
                [!provide]                        PROVIDE (__fini_array_end, .)
                0x00000000080032bc                _sidata = LOADADDR (.data)

.data           0x0000000020000000       0x14 load address 0x00000000080032bc
                0x0000000020000000                . = ALIGN (0x4)
                0x0000000020000000                _sdata = .
 *(.data)
 *(.data*)
 .data.uwTickFreq
                0x0000000020000000        0x1 Drivers/STM32F1xx_HAL_Driver/Src/stm32f1xx_hal.o
                0x0000000020000000                uwTickFreq
 *fill*         0x0000000020000001        0x3 
 .data.uwTickPrio
                0x0000000020000004        0x4 Drivers/STM32F1xx_HAL_Driver/Src/stm32f1xx_hal.o
                0x0000000020000004                uwTickPrio
 .data.flag     0x0000000020000008        0x1 Src/main.o
                0x0000000020000008                flag
 *fill*         0x0000000020000009        0x3 
 .data.pred_t_speed
                0x000000002000000c        0x4 Src/main.o
                0x000000002000000c                pred_t_speed
 .data.SystemCoreClock
                0x0000000020000010        0x4 Src/system_stm32f1xx.o
                0x0000000020000010                SystemCoreClock
                0x0000000020000014                . = ALIGN (0x4)
                0x0000000020000014                _edata = .

.igot.plt       0x0000000020000014        0x0 load address 0x00000000080032d0
 .igot.plt      0x0000000020000014        0x0 /opt/Atollic_TrueSTUDIO_for_STM32_x86_64_9.3.0/ARMTools/bin/../lib/gcc/arm-atollic-eabi/6.3.1/armv7-m/crtbegin.o
                0x0000000020000014                . = ALIGN (0x4)

.bss            0x0000000020000014      0x168 load address 0x00000000080032d0
                0x0000000020000014                _sbss = .
                0x0000000020000014                __bss_start__ = _sbss
 *(.bss)
 .bss           0x0000000020000014       0x1c /opt/Atollic_TrueSTUDIO_for_STM32_x86_64_9.3.0/ARMTools/bin/../lib/gcc/arm-atollic-eabi/6.3.1/armv7-m/crtbegin.o
 *(.bss*)
 .bss.t_speed   0x0000000020000030        0x4 Src/main.o
                0x0000000020000030                t_speed
 .bss.target_speed_l
                0x0000000020000034        0x4 Src/main.o
                0x0000000020000034                target_speed_l
 .bss.target_speed_r
                0x0000000020000038        0x4 Src/main.o
                0x0000000020000038                target_speed_r
 *(COMMON)
 COMMON         0x000000002000003c        0x4 Drivers/STM32F1xx_HAL_Driver/Src/stm32f1xx_hal.o
                0x000000002000003c                uwTick
 COMMON         0x0000000020000040      0x13c Src/main.o
                0x0000000020000040                sFilterConfig
                0x0000000020000068                side_change
                0x0000000020000069                side
                0x000000002000006a                f
                0x000000002000006b                rotate_speed_side
                0x000000002000006c                k
                0x0000000020000070                input_capture
                0x0000000020000074                htim3
                0x00000000200000b4                driver_tx_data
                0x00000000200000b8                rotate_speed
                0x00000000200000bc                EncVal
                0x00000000200000c0                data
                0x00000000200000c2                rotate_speed_can
                0x00000000200000c3                control_data
                0x00000000200000c8                count
                0x00000000200000cc                TxMailbox
                0x00000000200000d0                count1
                0x00000000200000d4                pwm
                0x00000000200000d8                htim2
                0x0000000020000118                pRxHeader
                0x0000000020000134                hcan1
                0x000000002000015c                a
                0x0000000020000160                pHeader
                0x0000000020000178                rotate_time
                0x000000002000017c                . = ALIGN (0x4)
                0x000000002000017c                _ebss = .
                0x000000002000017c                __bss_end__ = _ebss

._user_heap_stack
                0x000000002000017c      0x600 load address 0x00000000080032d0
                0x000000002000017c                . = ALIGN (0x4)
                0x000000002000017c                PROVIDE (end, .)
                [!provide]                        PROVIDE (_end, .)
                0x000000002000037c                . = (. + _Min_Heap_Size)
 *fill*         0x000000002000017c      0x200 
                0x000000002000077c                . = (. + _Min_Stack_Size)
 *fill*         0x000000002000037c      0x400 
                0x000000002000077c                . = ALIGN (0x4)

/DISCARD/
 libc.a(*)
 libm.a(*)
 libgcc.a(*)

.ARM.attributes
                0x0000000000000000       0x29
 *(.ARM.attributes)
 .ARM.attributes
                0x0000000000000000       0x1d /opt/Atollic_TrueSTUDIO_for_STM32_x86_64_9.3.0/ARMTools/bin/../lib/gcc/arm-atollic-eabi/6.3.1/armv7-m/crti.o
 .ARM.attributes
                0x000000000000001d       0x2d /opt/Atollic_TrueSTUDIO_for_STM32_x86_64_9.3.0/ARMTools/bin/../lib/gcc/arm-atollic-eabi/6.3.1/armv7-m/crtbegin.o
 .ARM.attributes
                0x000000000000004a       0x33 Drivers/STM32F1xx_HAL_Driver/Src/stm32f1xx_hal.o
 .ARM.attributes
                0x000000000000007d       0x33 Drivers/STM32F1xx_HAL_Driver/Src/stm32f1xx_hal_can.o
 .ARM.attributes
                0x00000000000000b0       0x33 Drivers/STM32F1xx_HAL_Driver/Src/stm32f1xx_hal_cortex.o
 .ARM.attributes
                0x00000000000000e3       0x33 Drivers/STM32F1xx_HAL_Driver/Src/stm32f1xx_hal_gpio.o
 .ARM.attributes
                0x0000000000000116       0x33 Drivers/STM32F1xx_HAL_Driver/Src/stm32f1xx_hal_rcc.o
 .ARM.attributes
                0x0000000000000149       0x33 Drivers/STM32F1xx_HAL_Driver/Src/stm32f1xx_hal_tim.o
 .ARM.attributes
                0x000000000000017c       0x33 Drivers/STM32F1xx_HAL_Driver/Src/stm32f1xx_hal_tim_ex.o
 .ARM.attributes
                0x00000000000001af       0x33 Src/main.o
 .ARM.attributes
                0x00000000000001e2       0x33 Src/stm32f1xx_hal_msp.o
 .ARM.attributes
                0x0000000000000215       0x33 Src/stm32f1xx_it.o
 .ARM.attributes
                0x0000000000000248       0x33 Src/system_stm32f1xx.o
 .ARM.attributes
                0x000000000000027b       0x21 startup/startup_stm32f103xb.o
 .ARM.attributes
                0x000000000000029c       0x2d /opt/Atollic_TrueSTUDIO_for_STM32_x86_64_9.3.0/ARMTools/bin/../lib/gcc/arm-atollic-eabi/6.3.1/../../../../arm-atollic-eabi/lib/armv7-m/libc_nano.a(lib_a-init.o)
 .ARM.attributes
                0x00000000000002c9       0x2d /opt/Atollic_TrueSTUDIO_for_STM32_x86_64_9.3.0/ARMTools/bin/../lib/gcc/arm-atollic-eabi/6.3.1/../../../../arm-atollic-eabi/lib/armv7-m/libc_nano.a(lib_a-memset.o)
 .ARM.attributes
                0x00000000000002f6       0x1d /opt/Atollic_TrueSTUDIO_for_STM32_x86_64_9.3.0/ARMTools/bin/../lib/gcc/arm-atollic-eabi/6.3.1/armv7-m/libgcc.a(_arm_addsubdf3.o)
 .ARM.attributes
                0x0000000000000313       0x1d /opt/Atollic_TrueSTUDIO_for_STM32_x86_64_9.3.0/ARMTools/bin/../lib/gcc/arm-atollic-eabi/6.3.1/armv7-m/libgcc.a(_arm_muldivdf3.o)
 .ARM.attributes
                0x0000000000000330       0x1d /opt/Atollic_TrueSTUDIO_for_STM32_x86_64_9.3.0/ARMTools/bin/../lib/gcc/arm-atollic-eabi/6.3.1/armv7-m/libgcc.a(_arm_cmpdf2.o)
 .ARM.attributes
                0x000000000000034d       0x1d /opt/Atollic_TrueSTUDIO_for_STM32_x86_64_9.3.0/ARMTools/bin/../lib/gcc/arm-atollic-eabi/6.3.1/armv7-m/libgcc.a(_arm_addsubsf3.o)
 .ARM.attributes
                0x000000000000036a       0x1d /opt/Atollic_TrueSTUDIO_for_STM32_x86_64_9.3.0/ARMTools/bin/../lib/gcc/arm-atollic-eabi/6.3.1/armv7-m/libgcc.a(_arm_muldivsf3.o)
 .ARM.attributes
                0x0000000000000387       0x1d /opt/Atollic_TrueSTUDIO_for_STM32_x86_64_9.3.0/ARMTools/bin/../lib/gcc/arm-atollic-eabi/6.3.1/armv7-m/libgcc.a(_arm_cmpsf2.o)
 .ARM.attributes
                0x00000000000003a4       0x1d /opt/Atollic_TrueSTUDIO_for_STM32_x86_64_9.3.0/ARMTools/bin/../lib/gcc/arm-atollic-eabi/6.3.1/armv7-m/libgcc.a(_arm_fixunssfsi.o)
 .ARM.attributes
                0x00000000000003c1       0x1d /opt/Atollic_TrueSTUDIO_for_STM32_x86_64_9.3.0/ARMTools/bin/../lib/gcc/arm-atollic-eabi/6.3.1/armv7-m/crtn.o
OUTPUT(SMART DRIVER INTERNAL CLOCK.elf elf32-littlearm)

.debug_info     0x0000000000000000    0x1105f
 .debug_info    0x0000000000000000      0xfc8 Drivers/STM32F1xx_HAL_Driver/Src/stm32f1xx_hal.o
 .debug_info    0x0000000000000fc8     0x1901 Drivers/STM32F1xx_HAL_Driver/Src/stm32f1xx_hal_can.o
 .debug_info    0x00000000000028c9     0x14a9 Drivers/STM32F1xx_HAL_Driver/Src/stm32f1xx_hal_cortex.o
 .debug_info    0x0000000000003d72      0xec2 Drivers/STM32F1xx_HAL_Driver/Src/stm32f1xx_hal_gpio.o
 .debug_info    0x0000000000004c34     0x123d Drivers/STM32F1xx_HAL_Driver/Src/stm32f1xx_hal_rcc.o
 .debug_info    0x0000000000005e71     0x3bb9 Drivers/STM32F1xx_HAL_Driver/Src/stm32f1xx_hal_tim.o
 .debug_info    0x0000000000009a2a     0x1989 Drivers/STM32F1xx_HAL_Driver/Src/stm32f1xx_hal_tim_ex.o
 .debug_info    0x000000000000b3b3     0x232f Src/main.o
 .debug_info    0x000000000000d6e2     0x1889 Src/stm32f1xx_hal_msp.o
 .debug_info    0x000000000000ef6b     0x141b Src/stm32f1xx_it.o
 .debug_info    0x0000000000010386      0xc4d Src/system_stm32f1xx.o
 .debug_info    0x0000000000010fd3       0x8c startup/startup_stm32f103xb.o

.debug_abbrev   0x0000000000000000     0x21a3
 .debug_abbrev  0x0000000000000000      0x315 Drivers/STM32F1xx_HAL_Driver/Src/stm32f1xx_hal.o
 .debug_abbrev  0x0000000000000315      0x36a Drivers/STM32F1xx_HAL_Driver/Src/stm32f1xx_hal_can.o
 .debug_abbrev  0x000000000000067f      0x399 Drivers/STM32F1xx_HAL_Driver/Src/stm32f1xx_hal_cortex.o
 .debug_abbrev  0x0000000000000a18      0x268 Drivers/STM32F1xx_HAL_Driver/Src/stm32f1xx_hal_gpio.o
 .debug_abbrev  0x0000000000000c80      0x367 Drivers/STM32F1xx_HAL_Driver/Src/stm32f1xx_hal_rcc.o
 .debug_abbrev  0x0000000000000fe7      0x3bb Drivers/STM32F1xx_HAL_Driver/Src/stm32f1xx_hal_tim.o
 .debug_abbrev  0x00000000000013a2      0x30d Drivers/STM32F1xx_HAL_Driver/Src/stm32f1xx_hal_tim_ex.o
 .debug_abbrev  0x00000000000016af      0x3ad Src/main.o
 .debug_abbrev  0x0000000000001a5c      0x2bd Src/stm32f1xx_hal_msp.o
 .debug_abbrev  0x0000000000001d19      0x28d Src/stm32f1xx_it.o
 .debug_abbrev  0x0000000000001fa6      0x1eb Src/system_stm32f1xx.o
 .debug_abbrev  0x0000000000002191       0x12 startup/startup_stm32f103xb.o

.debug_loc      0x0000000000000000     0x527d
 .debug_loc     0x0000000000000000      0x11b Drivers/STM32F1xx_HAL_Driver/Src/stm32f1xx_hal.o
 .debug_loc     0x000000000000011b      0xa88 Drivers/STM32F1xx_HAL_Driver/Src/stm32f1xx_hal_can.o
 .debug_loc     0x0000000000000ba3      0x46b Drivers/STM32F1xx_HAL_Driver/Src/stm32f1xx_hal_cortex.o
 .debug_loc     0x000000000000100e      0x36a Drivers/STM32F1xx_HAL_Driver/Src/stm32f1xx_hal_gpio.o
 .debug_loc     0x0000000000001378      0x4fd Drivers/STM32F1xx_HAL_Driver/Src/stm32f1xx_hal_rcc.o
 .debug_loc     0x0000000000001875     0x300c Drivers/STM32F1xx_HAL_Driver/Src/stm32f1xx_hal_tim.o
 .debug_loc     0x0000000000004881      0x822 Drivers/STM32F1xx_HAL_Driver/Src/stm32f1xx_hal_tim_ex.o
 .debug_loc     0x00000000000050a3       0x26 Src/main.o
 .debug_loc     0x00000000000050c9       0xdc Src/stm32f1xx_hal_msp.o
 .debug_loc     0x00000000000051a5       0xd8 Src/system_stm32f1xx.o

.debug_aranges  0x0000000000000000      0x778
 .debug_aranges
                0x0000000000000000       0xc8 Drivers/STM32F1xx_HAL_Driver/Src/stm32f1xx_hal.o
 .debug_aranges
                0x00000000000000c8       0xc8 Drivers/STM32F1xx_HAL_Driver/Src/stm32f1xx_hal_can.o
 .debug_aranges
                0x0000000000000190       0x90 Drivers/STM32F1xx_HAL_Driver/Src/stm32f1xx_hal_cortex.o
 .debug_aranges
                0x0000000000000220       0x58 Drivers/STM32F1xx_HAL_Driver/Src/stm32f1xx_hal_gpio.o
 .debug_aranges
                0x0000000000000278       0x88 Drivers/STM32F1xx_HAL_Driver/Src/stm32f1xx_hal_rcc.o
 .debug_aranges
                0x0000000000000300      0x250 Drivers/STM32F1xx_HAL_Driver/Src/stm32f1xx_hal_tim.o
 .debug_aranges
                0x0000000000000550       0xe8 Drivers/STM32F1xx_HAL_Driver/Src/stm32f1xx_hal_tim_ex.o
 .debug_aranges
                0x0000000000000638       0x40 Src/main.o
 .debug_aranges
                0x0000000000000678       0x58 Src/stm32f1xx_hal_msp.o
 .debug_aranges
                0x00000000000006d0       0x58 Src/stm32f1xx_it.o
 .debug_aranges
                0x0000000000000728       0x28 Src/system_stm32f1xx.o
 .debug_aranges
                0x0000000000000750       0x28 startup/startup_stm32f103xb.o

.debug_ranges   0x0000000000000000      0xaa8
 .debug_ranges  0x0000000000000000       0xb8 Drivers/STM32F1xx_HAL_Driver/Src/stm32f1xx_hal.o
 .debug_ranges  0x00000000000000b8       0xb8 Drivers/STM32F1xx_HAL_Driver/Src/stm32f1xx_hal_can.o
 .debug_ranges  0x0000000000000170      0x128 Drivers/STM32F1xx_HAL_Driver/Src/stm32f1xx_hal_cortex.o
 .debug_ranges  0x0000000000000298       0x60 Drivers/STM32F1xx_HAL_Driver/Src/stm32f1xx_hal_gpio.o
 .debug_ranges  0x00000000000002f8       0xa0 Drivers/STM32F1xx_HAL_Driver/Src/stm32f1xx_hal_rcc.o
 .debug_ranges  0x0000000000000398      0x340 Drivers/STM32F1xx_HAL_Driver/Src/stm32f1xx_hal_tim.o
 .debug_ranges  0x00000000000006d8       0xd8 Drivers/STM32F1xx_HAL_Driver/Src/stm32f1xx_hal_tim_ex.o
 .debug_ranges  0x00000000000007b0      0x188 Src/main.o
 .debug_ranges  0x0000000000000938       0xf0 Src/stm32f1xx_hal_msp.o
 .debug_ranges  0x0000000000000a28       0x48 Src/stm32f1xx_it.o
 .debug_ranges  0x0000000000000a70       0x18 Src/system_stm32f1xx.o
 .debug_ranges  0x0000000000000a88       0x20 startup/startup_stm32f103xb.o

.debug_line     0x0000000000000000     0x411f
 .debug_line    0x0000000000000000      0x43e Drivers/STM32F1xx_HAL_Driver/Src/stm32f1xx_hal.o
 .debug_line    0x000000000000043e      0x699 Drivers/STM32F1xx_HAL_Driver/Src/stm32f1xx_hal_can.o
 .debug_line    0x0000000000000ad7      0x448 Drivers/STM32F1xx_HAL_Driver/Src/stm32f1xx_hal_cortex.o
 .debug_line    0x0000000000000f1f      0x43d Drivers/STM32F1xx_HAL_Driver/Src/stm32f1xx_hal_gpio.o
 .debug_line    0x000000000000135c      0x617 Drivers/STM32F1xx_HAL_Driver/Src/stm32f1xx_hal_rcc.o
 .debug_line    0x0000000000001973     0x113e Drivers/STM32F1xx_HAL_Driver/Src/stm32f1xx_hal_tim.o
 .debug_line    0x0000000000002ab1      0x6e0 Drivers/STM32F1xx_HAL_Driver/Src/stm32f1xx_hal_tim_ex.o
 .debug_line    0x0000000000003191      0x565 Src/main.o
 .debug_line    0x00000000000036f6      0x3d4 Src/stm32f1xx_hal_msp.o
 .debug_line    0x0000000000003aca      0x339 Src/stm32f1xx_it.o
 .debug_line    0x0000000000003e03      0x29f Src/system_stm32f1xx.o
 .debug_line    0x00000000000040a2       0x7d startup/startup_stm32f103xb.o

.debug_str      0x0000000000000000     0x347d
 .debug_str     0x0000000000000000      0xbd5 Drivers/STM32F1xx_HAL_Driver/Src/stm32f1xx_hal.o
                                        0xc82 (size before relaxing)
 .debug_str     0x0000000000000bd5      0x7ef Drivers/STM32F1xx_HAL_Driver/Src/stm32f1xx_hal_can.o
                                        0xf3d (size before relaxing)
 .debug_str     0x00000000000013c4      0x2af Drivers/STM32F1xx_HAL_Driver/Src/stm32f1xx_hal_cortex.o
                                        0xdaa (size before relaxing)
 .debug_str     0x0000000000001673      0x1d6 Drivers/STM32F1xx_HAL_Driver/Src/stm32f1xx_hal_gpio.o
                                        0x917 (size before relaxing)
 .debug_str     0x0000000000001849      0x317 Drivers/STM32F1xx_HAL_Driver/Src/stm32f1xx_hal_rcc.o
                                        0xaf5 (size before relaxing)
 .debug_str     0x0000000000001b60     0x10d0 Drivers/STM32F1xx_HAL_Driver/Src/stm32f1xx_hal_tim.o
                                       0x1846 (size before relaxing)
 .debug_str     0x0000000000002c30      0x4f1 Drivers/STM32F1xx_HAL_Driver/Src/stm32f1xx_hal_tim_ex.o
                                       0x10e8 (size before relaxing)
 .debug_str     0x0000000000003121      0x204 Src/main.o
                                       0x14f2 (size before relaxing)
 .debug_str     0x0000000000003325       0x2d Src/stm32f1xx_hal_msp.o
                                       0x1173 (size before relaxing)
 .debug_str     0x0000000000003352       0xde Src/stm32f1xx_it.o
                                        0xea7 (size before relaxing)
 .debug_str     0x0000000000003430       0x4d Src/system_stm32f1xx.o
                                        0x780 (size before relaxing)

.comment        0x0000000000000000       0x7c
 .comment       0x0000000000000000       0x7c Drivers/STM32F1xx_HAL_Driver/Src/stm32f1xx_hal.o
                                         0x7d (size before relaxing)
 .comment       0x000000000000007c       0x7d Drivers/STM32F1xx_HAL_Driver/Src/stm32f1xx_hal_can.o
 .comment       0x000000000000007c       0x7d Drivers/STM32F1xx_HAL_Driver/Src/stm32f1xx_hal_cortex.o
 .comment       0x000000000000007c       0x7d Drivers/STM32F1xx_HAL_Driver/Src/stm32f1xx_hal_gpio.o
 .comment       0x000000000000007c       0x7d Drivers/STM32F1xx_HAL_Driver/Src/stm32f1xx_hal_rcc.o
 .comment       0x000000000000007c       0x7d Drivers/STM32F1xx_HAL_Driver/Src/stm32f1xx_hal_tim.o
 .comment       0x000000000000007c       0x7d Drivers/STM32F1xx_HAL_Driver/Src/stm32f1xx_hal_tim_ex.o
 .comment       0x000000000000007c       0x7d Src/main.o
 .comment       0x000000000000007c       0x7d Src/stm32f1xx_hal_msp.o
 .comment       0x000000000000007c       0x7d Src/stm32f1xx_it.o
 .comment       0x000000000000007c       0x7d Src/system_stm32f1xx.o

.debug_frame    0x0000000000000000     0x191c
 .debug_frame   0x0000000000000000      0x1b0 Drivers/STM32F1xx_HAL_Driver/Src/stm32f1xx_hal.o
 .debug_frame   0x00000000000001b0      0x2cc Drivers/STM32F1xx_HAL_Driver/Src/stm32f1xx_hal_can.o
 .debug_frame   0x000000000000047c      0x120 Drivers/STM32F1xx_HAL_Driver/Src/stm32f1xx_hal_cortex.o
 .debug_frame   0x000000000000059c       0xd4 Drivers/STM32F1xx_HAL_Driver/Src/stm32f1xx_hal_gpio.o
 .debug_frame   0x0000000000000670      0x150 Drivers/STM32F1xx_HAL_Driver/Src/stm32f1xx_hal_rcc.o
 .debug_frame   0x00000000000007c0      0x854 Drivers/STM32F1xx_HAL_Driver/Src/stm32f1xx_hal_tim.o
 .debug_frame   0x0000000000001014      0x320 Drivers/STM32F1xx_HAL_Driver/Src/stm32f1xx_hal_tim_ex.o
 .debug_frame   0x0000000000001334       0x84 Src/main.o
 .debug_frame   0x00000000000013b8       0xf0 Src/stm32f1xx_hal_msp.o
 .debug_frame   0x00000000000014a8       0xc8 Src/stm32f1xx_it.o
 .debug_frame   0x0000000000001570       0x30 Src/system_stm32f1xx.o
 .debug_frame   0x00000000000015a0       0x2c /opt/Atollic_TrueSTUDIO_for_STM32_x86_64_9.3.0/ARMTools/bin/../lib/gcc/arm-atollic-eabi/6.3.1/../../../../arm-atollic-eabi/lib/armv7-m/libc_nano.a(lib_a-init.o)
 .debug_frame   0x00000000000015cc       0x20 /opt/Atollic_TrueSTUDIO_for_STM32_x86_64_9.3.0/ARMTools/bin/../lib/gcc/arm-atollic-eabi/6.3.1/../../../../arm-atollic-eabi/lib/armv7-m/libc_nano.a(lib_a-memset.o)
 .debug_frame   0x00000000000015ec       0xac /opt/Atollic_TrueSTUDIO_for_STM32_x86_64_9.3.0/ARMTools/bin/../lib/gcc/arm-atollic-eabi/6.3.1/armv7-m/libgcc.a(_arm_addsubdf3.o)
 .debug_frame   0x0000000000001698       0x50 /opt/Atollic_TrueSTUDIO_for_STM32_x86_64_9.3.0/ARMTools/bin/../lib/gcc/arm-atollic-eabi/6.3.1/armv7-m/libgcc.a(_arm_muldivdf3.o)
 .debug_frame   0x00000000000016e8       0xc4 /opt/Atollic_TrueSTUDIO_for_STM32_x86_64_9.3.0/ARMTools/bin/../lib/gcc/arm-atollic-eabi/6.3.1/armv7-m/libgcc.a(_arm_cmpdf2.o)
 .debug_frame   0x00000000000017ac       0x4c /opt/Atollic_TrueSTUDIO_for_STM32_x86_64_9.3.0/ARMTools/bin/../lib/gcc/arm-atollic-eabi/6.3.1/armv7-m/libgcc.a(_arm_addsubsf3.o)
 .debug_frame   0x00000000000017f8       0x38 /opt/Atollic_TrueSTUDIO_for_STM32_x86_64_9.3.0/ARMTools/bin/../lib/gcc/arm-atollic-eabi/6.3.1/armv7-m/libgcc.a(_arm_muldivsf3.o)
 .debug_frame   0x0000000000001830       0xc8 /opt/Atollic_TrueSTUDIO_for_STM32_x86_64_9.3.0/ARMTools/bin/../lib/gcc/arm-atollic-eabi/6.3.1/armv7-m/libgcc.a(_arm_cmpsf2.o)
 .debug_frame   0x00000000000018f8       0x24 /opt/Atollic_TrueSTUDIO_for_STM32_x86_64_9.3.0/ARMTools/bin/../lib/gcc/arm-atollic-eabi/6.3.1/armv7-m/libgcc.a(_arm_fixunssfsi.o)
