stm32f1xx_it.c:65:8:calculate	32	static
stm32f1xx_it.c:115:6:NMI_Handler	0	static
stm32f1xx_it.c:128:6:HardFault_Handler	0	static
stm32f1xx_it.c:143:6:MemManage_Handler	0	static
stm32f1xx_it.c:158:6:BusFault_Handler	0	static
stm32f1xx_it.c:173:6:UsageFault_Handler	0	static
stm32f1xx_it.c:188:6:SVC_Handler	0	static
stm32f1xx_it.c:201:6:DebugMon_Handler	0	static
stm32f1xx_it.c:214:6:PendSV_Handler	0	static
stm32f1xx_it.c:227:6:SysTick_Handler	32	static
stm32f1xx_it.c:262:6:EXTI1_IRQHandler	8	static
stm32f1xx_it.c:276:6:USB_LP_CAN1_RX0_IRQHandler	8	static
