stm32f1xx_it.c:62:8:calculate	32	static
stm32f1xx_it.c:129:6:NMI_Handler	0	static
stm32f1xx_it.c:142:6:HardFault_Handler	0	static
stm32f1xx_it.c:157:6:MemManage_Handler	0	static
stm32f1xx_it.c:172:6:BusFault_Handler	0	static
stm32f1xx_it.c:187:6:UsageFault_Handler	0	static
stm32f1xx_it.c:202:6:SVC_Handler	0	static
stm32f1xx_it.c:215:6:DebugMon_Handler	0	static
stm32f1xx_it.c:228:6:PendSV_Handler	0	static
stm32f1xx_it.c:241:6:SysTick_Handler	32	static
stm32f1xx_it.c:300:6:EXTI1_IRQHandler	8	static
stm32f1xx_it.c:314:6:USB_LP_CAN1_RX0_IRQHandler	8	static
